Component: ARM Compiler 5.06 update 2 (build 183) Tool: armlink [4d35b7]

==============================================================================

Section Cross References

    cmd.o(.text) refers to _scanf_int.o(.text) for _scanf_int
    cmd.o(.text) refers to _scanf_str.o(.text) for _scanf_string
    cmd.o(.text) refers to malloc.o(i.malloc) for malloc
    cmd.o(.text) refers to strcpy.o(.text) for strcpy
    cmd.o(.text) refers to strlen.o(.text) for strlen
    cmd.o(.text) refers to generic_cmd.o(.text) for port_tx_msg
    cmd.o(.text) refers to malloc.o(i.free) for free
    cmd.o(.text) refers to memseta.o(.text) for __aeabi_memclr4
    cmd.o(.text) refers to toupper.o(.text) for toupper
    cmd.o(.text) refers to __0sscanf.o(.text) for __0sscanf
    cmd.o(.text) refers to strcmp.o(.text) for strcmp
    cmd.o(.text) refers to cmd_fn.o(.constdata) for known_commands
    cmd_fn.o(.text) refers to _scanf_int.o(.text) for _scanf_int
    cmd_fn.o(.text) refers to _scanf_str.o(.text) for _scanf_string
    cmd_fn.o(.text) refers to scanf_fp.o(.text) for _scanf_real
    cmd_fn.o(.text) refers to malloc.o(i.malloc) for malloc
    cmd_fn.o(.text) refers to printfa.o(i.__0sprintf) for __2sprintf
    cmd_fn.o(.text) refers to strlen.o(.text) for strlen
    cmd_fn.o(.text) refers to generic_cmd.o(.text) for port_tx_msg
    cmd_fn.o(.text) refers to malloc.o(i.free) for free
    cmd_fn.o(.text) refers to memseta.o(.text) for __aeabi_memclr4
    cmd_fn.o(.text) refers to generic.o(.text) for App_Module_sys_para_Init
    cmd_fn.o(.text) refers to hal_timer.o(.text) for HalDelay_nMs
    cmd_fn.o(.text) refers to __0sscanf.o(.text) for __0sscanf
    cmd_fn.o(.text) refers to d2f.o(.text) for __aeabi_d2f
    cmd_fn.o(.text) refers to f2d.o(.text) for __aeabi_f2d
    cmd_fn.o(.text) refers to twr_task.o(.text) for instance_update_coord
    cmd_fn.o(.text) refers to instance_common.o(.text) for instance_config_antennadelays
    cmd_fn.o(.text) refers to cmd_fn.o(.constdata) for .constdata
    cmd_fn.o(.text) refers to generic.o(.bss) for sys_para
    cmd_fn.o(.text) refers to cmd_fn.o(.conststring) for .conststring
    cmd_fn.o(.text) refers to memcpya.o(.text) for __aeabi_memcpy4
    cmd_fn.o(.constdata) refers to cmd_fn.o(.conststring) for .conststring
    cmd_fn.o(.constdata) refers to cmd_fn.o(.text) for f_help_app
    generic.o(.text) refers to hal_usart.o(.text) for _dbg_printf
    generic.o(.text) refers to f2d.o(.text) for __aeabi_f2d
    generic.o(.text) refers to memseta.o(.text) for __aeabi_memclr4
    generic.o(.text) refers to hal_timer.o(.text) for HalDelay_nMs
    generic.o(.text) refers to hal_flash.o(.text) for HalWrite_Flash
    generic.o(.text) refers to generic_cmd.o(.text) for App_Module_CMD_Queue_Init
    generic.o(.text) refers to hal_led.o(.text) for HalLedSet
    generic.o(.text) refers to strcat.o(.text) for strcat
    generic.o(.text) refers to printfa.o(i.__0sprintf) for __2sprintf
    generic.o(.text) refers to strlen.o(.text) for strlen
    generic.o(.text) refers to generic.o(.bss) for .bss
    generic.o(.text) refers to generic.o(.conststring) for .conststring
    generic.o(.text) refers to generic.o(.data) for .data
    generic.o(.text) refers to hal_led.o(.data) for hal_led
    generic_cmd.o(.text) refers to memseta.o(.text) for __aeabi_memclr4
    generic_cmd.o(.text) refers to osal.o(.text) for osal_CreateQueue
    generic_cmd.o(.text) refers to memcpya.o(.text) for __aeabi_memcpy
    generic_cmd.o(.text) refers to hal_usart.o(.text) for USART1_SendBuffer
    generic_cmd.o(.text) refers to printfa.o(i.__0sprintf) for __2sprintf
    generic_cmd.o(.text) refers to generic.o(.text) for App_Module_Sys_Write_NVM
    generic_cmd.o(.text) refers to strlen.o(.text) for strlen
    generic_cmd.o(.text) refers to hal_timer.o(.text) for HalDelay_nMs
    generic_cmd.o(.text) refers to memcmp.o(.text) for memcmp
    generic_cmd.o(.text) refers to cmd.o(.text) for command_parser
    generic_cmd.o(.text) refers to stm32f10x_dma.o(.text) for DMA_GetITStatus
    generic_cmd.o(.text) refers to generic_cmd.o(.bss) for .bss
    generic_cmd.o(.text) refers to generic.o(.data) for sys_uart_dma_buf
    generic_cmd.o(.text) refers to generic.o(.bss) for sys_para
    generic_cmd.o(.text) refers to hal_usart.o(.data) for USART1_DMA_RX_BYTE
    generic_cmd.o(.text) refers to generic_cmd.o(.data) for .data
    generic_cmd.o(.text) refers to strstr.o(.text) for strstr
    hal_led.o(.text) refers to stm32f10x_gpio.o(.text) for GPIO_SetBits
    hal_led.o(.text) refers to stm32f10x_rcc.o(.text) for RCC_APB2PeriphClockCmd
    hal_led.o(.text) refers to hal_led.o(.data) for .data
    hal_drivers.o(.text) refers to misc.o(.text) for NVIC_PriorityGroupConfig
    hal_drivers.o(.text) refers to hal_timer.o(.text) for HalTimerInit
    hal_drivers.o(.text) refers to hal_flash.o(.text) for HalFlashInit
    hal_drivers.o(.text) refers to hal_led.o(.text) for HalLedInit
[...]
    i.free                                   0x080093d0   Section        0  malloc.o(i.free)
    i.malloc                                 0x08009420   Section        0  malloc.o(i.malloc)
    .constdata                               0x0800948c   Section      128  cmd_fn.o(.constdata)
    .constdata                               0x0800950c   Section       96  instance_calib.o(.constdata)
    .constdata                               0x0800956c   Section        4  instance_calib.o(.constdata)
    .constdata                               0x08009570   Section        4  instance_calib.o(.constdata)
    .constdata                               0x08009574   Section      522  deca_range_tables.o(.constdata)
    .constdata                               0x0800977e   Section        8  deca_params_init.o(.constdata)
    .constdata                               0x08009788   Section       24  deca_params_init.o(.constdata)
    .constdata                               0x080097a0   Section       24  deca_params_init.o(.constdata)
    .constdata                               0x080097b8   Section        6  deca_params_init.o(.constdata)
    .constdata                               0x080097be   Section        2  deca_params_init.o(.constdata)
    .constdata                               0x080097c0   Section        8  deca_params_init.o(.constdata)
    .constdata                               0x080097c8   Section        3  deca_params_init.o(.constdata)
    .constdata                               0x080097cc   Section       12  deca_params_init.o(.constdata)
    .constdata                               0x080097d8   Section        4  deca_params_init.o(.constdata)
    .constdata                               0x080097dc   Section       32  deca_params_init.o(.constdata)
    .constdata                               0x080097fc   Section       50  deca_params_init.o(.constdata)
    .constdata                               0x08009830   Section       48  deca_params_init.o(.constdata)
    .constdata                               0x08009860   Section       64  ctype_c.o(.constdata)
    .conststring                             0x080098a0   Section      243  cmd_fn.o(.conststring)
    .conststring                             0x08009994   Section      257  generic.o(.conststring)
    .data                                    0x20000000   Section     4108  generic.o(.data)
    val_mode                                 0x20000000   Data           4  generic.o(.data)
    .data                                    0x2000100c   Section        2  generic_cmd.o(.data)
    usart1_rx_sta                            0x2000100c   Data           2  generic_cmd.o(.data)
    .data                                    0x2000100e   Section       16  hal_led.o(.data)
    .data                                    0x20001020   Section        4  hal_timer.o(.data)
    SysTickDelayTime                         0x20001020   Data           4  hal_timer.o(.data)
    .data                                    0x20001024   Section        2  hal_usart.o(.data)
    .data                                    0x20001026   Section        2  stm32f10x_it.o(.data)
    count                                    0x20001026   Data           2  stm32f10x_it.o(.data)
    .data                                    0x20001028   Section      100  twr_task.o(.data)
    anc_coord_mask                           0x20001028   Data           1  twr_task.o(.data)
    .data                                    0x2000108c   Section        8  uwb.o(.data)
    signalResetDone                          0x2000108c   Data           4  uwb.o(.data)
    .data                                    0x20001094   Section        4  deca_device.o(.data)
    pdw1000local                             0x20001094   Data           4  deca_device.o(.data)
    .data                                    0x20001098   Section       20  stm32f10x_rcc.o(.data)
    ADCPrescTable                            0x20001098   Data           4  stm32f10x_rcc.o(.data)
    APBAHBPrescTable                         0x2000109c   Data          16  stm32f10x_rcc.o(.data)
    .data                                    0x200010ac   Section       20  system_stm32f10x.o(.data)
    .data                                    0x200010c0   Section        4  mvars.o(.data)
    .data                                    0x200010c4   Section        4  mvars.o(.data)
    .bss                                     0x200010c8   Section      188  generic.o(.bss)
    .bss                                     0x20001184   Section      468  generic_cmd.o(.bss)
    usart1_rx_buf                            0x20001184   Data          64  generic_cmd.o(.bss)
    uart_queue                               0x200011c4   Data         404  generic_cmd.o(.bss)
    .bss                                     0x20001358   Section      256  hal_usart.o(.bss)
    .bss                                     0x20001458   Section     7176  tag_dist.o(.bss)
    .bss                                     0x20003060   Section      268  twr_task.o(.bss)
    anc_coord                                0x20003060   Data         128  twr_task.o(.bss)
    instance_otpt                            0x200030e0   Data         140  twr_task.o(.bss)
    .bss                                     0x20003170   Section     1536  instance_common.o(.bss)
    instance_data                            0x20003170   Data        1232  instance_common.o(.bss)
    inst_idist                               0x20003640   Data          64  instance_common.o(.bss)
    inst_idistraw                            0x20003680   Data          64  instance_common.o(.bss)
    .bss                                     0x20003770   Section       56  deca_device.o(.bss)
    dw1000local                              0x20003770   Data          56  deca_device.o(.bss)
    HEAP                                     0x200037a8   Section      512  startup_stm32f10x_md.o(HEAP)
    STACK                                    0x200039a8   Section     4096  startup_stm32f10x_md.o(STACK)

    Global Symbols

    Symbol Name                              Value     Ov Type        Size  Object(Section)

    BuildAttributes$$THM_ISAv4$P$D$K$B$S$PE$A:L22UL41UL21$X:L11$S22US41US21$IEEE1$IW$USESV6$~STKCKD$USESV7$~SHL$OTIME$ROPI$IEEEX$EBA8$MICROLIB$REQ8$PRES8$EABIv2 0x00000000   Number         0  anon$$obj.o ABSOLUTE
    __ARM_use_no_argv                        0x00000000   Number         0  main.o ABSOLUTE
    _printf_a                                0x00000000   Number         0  stubs.o ABSOLUTE
    _printf_c                                0x00000000   Number         0  stubs.o ABSOLUTE
    _printf_charcount                        0x00000000   Number         0  stubs.o ABSOLUTE
    _printf_d                                0x00000000   Number         0  stubs.o ABSOLUTE
    _printf_e                                0x00000000   Number         0  stubs.o ABSOLUTE
    _printf_f                                0x00000000   Number         0  stubs.o ABSOLUTE
    _printf_flags                            0x00000000   Number         0  stubs.o ABSOLUTE
    _printf_fp_dec                           0x00000000   Number         0  stubs.o ABSOLUTE
    _printf_fp_hex                           0x00000000   Number         0  stubs.o ABSOLUTE
    _printf_g                                0x00000000   Number         0  stubs.o ABSOLUTE
    _printf_i                                0x00000000   Number         0  stubs.o ABSOLUTE
    _printf_int_dec                          0x00000000   Number         0  stubs.o ABSOLUTE
    _printf_l                                0x00000000   Number         0  stubs.o ABSOLUTE
    _printf_lc                               0x00000000   Number         0  stubs.o ABSOLUTE
    _printf_ll                               0x00000000   Number         0  stubs.o ABSOLUTE
    _printf_lld                              0x00000000   Number         0  stubs.o ABSOLUTE
    _printf_lli                              0x00000000   Number         0  stubs.o ABSOLUTE
    _printf_llo                              0x00000000   Number         0  stubs.o ABSOLUTE
    _printf_llu                              0x00000000   Number         0  stubs.o ABSOLUTE
    _printf_llx                              0x00000000   Number         0  stubs.o ABSOLUTE
    _printf_longlong_dec                     0x00000000   Number         0  stubs.o ABSOLUTE
    _printf_longlong_hex                     0x00000000   Number         0  stubs.o ABSOLUTE
    _printf_longlong_oct                     0x00000000   Number         0  stubs.o ABSOLUTE
    _printf_ls                               0x00000000   Number         0  stubs.o ABSOLUTE
    _printf_mbtowc                           0x00000000   Number         0  stubs.o ABSOLUTE
    _printf_n                                0x00000000   Number         0  stubs.o ABSOLUTE
    _printf_o                                0x00000000   Number         0  stubs.o ABSOLUTE
    _printf_p                                0x00000000   Number         0  stubs.o ABSOLUTE
    _printf_percent                          0x00000000   Number         0  stubs.o ABSOLUTE
    _printf_pre_padding                      0x00000000   Number         0  stubs.o ABSOLUTE
    _printf_return_value                     0x00000000   Number         0  stubs.o ABSOLUTE
    _printf_s                                0x00000000   Number         0  stubs.o ABSOLUTE
    _printf_sizespec                         0x00000000   Number         0  stubs.o ABSOLUTE
    _printf_str                              0x00000000   Number         0  stubs.o ABSOLUTE
    _printf_truncate_signed                  0x00000000   Number         0  stubs.o ABSOLUTE
    _printf_truncate_unsigned                0x00000000   Number         0  stubs.o ABSOLUTE
    _printf_u                                0x00000000   Number         0  stubs.o ABSOLUTE
    _printf_wc                               0x00000000   Number         0  stubs.o ABSOLUTE
    _printf_wctomb                           0x00000000   Number         0  stubs.o ABSOLUTE
    _printf_widthprec                        0x00000000   Number         0  stubs.o ABSOLUTE
    _printf_x                                0x00000000   Number         0  stubs.o ABSOLUTE
    __cpp_initialize__aeabi_                  - Undefined Weak Reference
    __cxa_finalize                            - Undefined Weak Reference
    _clock_init                               - Undefined Weak Reference
    _microlib_exit                            - Undefined Weak Reference
    _scanf_longlong                           - Undefined Weak Reference
    __Vectors_Size                           0x000000ec   Number         0  startup_stm32f10x_md.o ABSOLUTE
    __Vectors                                0x08000000   Data           4  startup_stm32f10x_md.o(RESET)
    __Vectors_End                            0x080000ec   Data           0  startup_stm32f10x_md.o(RESET)
    __main                                   0x080000ed   Thumb Code     0  entry.o(.ARM.Collect$$$$00000000)
    _main_stk                                0x080000ed   Thumb Code     0  entry2.o(.ARM.Collect$$$$00000001)
    _main_scatterload                        0x080000f1   Thumb Code     0  entry5.o(.ARM.Collect$$$$00000004)
    __main_after_scatterload                 0x080000f5   Thumb Code     0  entry5.o(.ARM.Collect$$$$00000004)
    _main_clock                              0x080000f5   Thumb Code     0  entry7b.o(.ARM.Collect$$$$00000008)
    _main_cpp_init                           0x080000f5   Thumb Code     0  entry8b.o(.ARM.Collect$$$$0000000A)
    _main_init                               0x080000f5   Thumb Code     0  entry9a.o(.ARM.Collect$$$$0000000B)
    __rt_final_cpp                           0x080000fd   Thumb Code     0  entry10a.o(.ARM.Collect$$$$0000000D)
    __rt_final_exit                          0x080000fd   Thumb Code     0  entry11a.o(.ARM.Collect$$$$0000000F)
    command_parser                           0x08000153   Thumb Code   186  cmd.o(.text)
    f_help_app                               0x08000249   Thumb Code    70  cmd_fn.o(.text)
    f_getver                                 0x0800028f   Thumb Code    46  cmd_fn.o(.text)
    f_restart                                0x080002bd   Thumb Code     4  cmd_fn.o(.text)
    f_restore                                0x080002c1   Thumb Code    18  cmd_fn.o(.text)
    f_save                                   0x080002d3   Thumb Code    14  cmd_fn.o(.text)
    f_setcfg                                 0x080002e1   Thumb Code   216  cmd_fn.o(.text)
    f_getcfg                                 0x080003b9   Thumb Code    80  cmd_fn.o(.text)
    f_setCoord                               0x08000409   Thumb Code   188  cmd_fn.o(.text)
    f_getCoord                               0x080004c5   Thumb Code   156  cmd_fn.o(.text)
    f_setdev                                 0x08000561   Thumb Code   544  cmd_fn.o(.text)
    f_getdev                                 0x08000781   Thumb Code   112  cmd_fn.o(.text)
    f_sendcmd                                0x080007f1   Thumb Code   138  cmd_fn.o(.text)
    f_test                                   0x0800087b   Thumb Code     4  cmd_fn.o(.text)
    App_Module_sys_para_debug                0x080008bd   Thumb Code   262  generic.o(.text)
    App_Module_sys_para_Init                 0x080009c3   Thumb Code   102  generic.o(.text)
    App_Module_Sys_Write_NVM                 0x08000a29   Thumb Code    28  generic.o(.text)
    App_Module_Sys_Read_NVM                  0x08000a45   Thumb Code    10  generic.o(.text)
    App_Module_sys_para_read                 0x08000a4f   Thumb Code    70  generic.o(.text)
    App_Module_Init                          0x08000a95   Thumb Code    24  generic.o(.text)
    App_Module_Sys_Deal_UART_USB_CMD_Event   0x08000aad   Thumb Code    40  generic.o(.text)
    App_Module_Sys_Work_Mode_Event           0x08000ad5   Thumb Code    14  generic.o(.text)
    App_Modelu_Sys_Deal_IO_LED_Event         0x08000ae3   Thumb Code    62  generic.o(.text)
    App_Module_Sys_IO_Led_Mode_Set           0x08000b21   Thumb Code    34  generic.o(.text)
    App_Module_UWB_Mode_Display              0x08000b43   Thumb Code   706  generic.o(.text)
    App_Module_CMD_Queue_Init                0x08000e05   Thumb Code    22  generic_cmd.o(.text)
    App_Module_Uart_Send                     0x08000e1b   Thumb Code    80  generic_cmd.o(.text)
    port_tx_msg                              0x08000e6b   Thumb Code     2  generic_cmd.o(.text)
    App_Module_Analyze_AT                    0x08000e6d   Thumb Code   360  generic_cmd.o(.text)
    App_Module_Process_USART_CMD             0x08000fd5   Thumb Code    52  generic_cmd.o(.text)
    App_Module_format_conver_uint8           0x08001009   Thumb Code   352  generic_cmd.o(.text)
    DMA1_Channel5_IRQHandler                 0x08001169   Thumb Code   108  generic_cmd.o(.text)
    DMA1_Channel4_IRQHandler                 0x080011d5   Thumb Code   204  generic_cmd.o(.text)
    HalLedSet                                0x08001385   Thumb Code    58  hal_led.o(.text)
    HalLedInit                               0x080013bf   Thumb Code    46  hal_led.o(.text)
    HalLed_Mode_Set                          0x080013ed   Thumb Code    64  hal_led.o(.text)
    Hal_Driver_Init                          0x08001435   Thumb Code    34  hal_drivers.o(.text)
    HalDelay_nMs                             0x08001459   Thumb Code    24  hal_timer.o(.text)
    HalDelayTime_Counter                     0x08001471   Thumb Code    16  hal_timer.o(.text)
    HalTimer2_NVIC_Config                    0x08001481   Thumb Code    34  hal_timer.o(.text)
    HalTimerInit                             0x080014a3   Thumb Code   124  hal_timer.o(.text)
    HalIWDG_Feed                             0x0800151f   Thumb Code     4  hal_timer.o(.text)
    USART1_SendBuffer                        0x0800154d   Thumb Code    80  hal_usart.o(.text)
    USART2_SendBuffer                        0x0800159d   Thumb Code    46  hal_usart.o(.text)
    _dbg_printf                              0x080015cb   Thumb Code    34  hal_usart.o(.text)
    HalUASRT1_DMA_Config                     0x080015ed   Thumb Code   170  hal_usart.o(.text)
    HalUASRT2_DMA_Config                     0x08001697   Thumb Code   172  hal_usart.o(.text)
    HalUSART1_DMA_TX_NVIC_Config             0x08001743   Thumb Code    34  hal_usart.o(.text)
    HalUSART1_DMA_RX_NVIC_Config             0x08001765   Thumb Code    34  hal_usart.o(.text)
    HalUSART2_DMA_TX_NVIC_Config             0x08001787   Thumb Code    34  hal_usart.o(.text)
    HalUSART2_DMA_RX_NVIC_Config             0x080017a9   Thumb Code    34  hal_usart.o(.text)
    HalUARTInit                              0x080017cb   Thumb Code   136  hal_usart.o(.text)
    HalFlashInit                             0x0800186d   Thumb Code     2  hal_flash.o(.text)
    HalWrite_Flash                           0x0800186f   Thumb Code    98  hal_flash.o(.text)
    HalRead_Flash                            0x080018d1   Thumb Code    22  hal_flash.o(.text)
    Hal_DECA_KEY_NVIC_Config                 0x080018e9   Thumb Code    32  hal_spi.o(.text)
    HalDecaExitInit                          0x08001909   Thumb Code    44  hal_spi.o(.text)
    Hal_SPI1_Deca_Init                       0x08001935   Thumb Code   214  hal_spi.o(.text)
    HalSpiInit                               0x08001a0b   Thumb Code     2  hal_spi.o(.text)
    osal_CreateQueue                         0x08001a19   Thumb Code    12  osal.o(.text)
    osal_TraverseQueue                       0x08001a25   Thumb Code   108  osal.o(.text)
    osal_FullQueue                           0x08001a91   Thumb Code    32  osal.o(.text)
    osal_EmptyQueue                          0x08001ab1   Thumb Code    16  osal.o(.text)
    osal_Enqueue                             0x08001ac1   Thumb Code   100  osal.o(.text)
    osal_Dequeue                             0x08001b25   Thumb Code    94  osal.o(.text)
    osal_itoa                                0x08001b83   Thumb Code    72  osal.o(.text)
    osal_Str2Byte                            0x08001bcb   Thumb Code    82  osal.o(.text)
    osal_Hex2Str                             0x08001c1d   Thumb Code    40  osal.o(.text)
    osal_Transfer_Byte                       0x08001c45   Thumb Code    30  osal.o(.text)
    RCC_Configuration_part                   0x08001cc5   Thumb Code   110  main.o(.text)
    init                                     0x08001d33   Thumb Code    22  main.o(.text)
    main                                     0x08001d49   Thumb Code    10  main.o(.text)
    NMI_Handler                              0x08001d55   Thumb Code     2  stm32f10x_it.o(.text)
    HardFault_Handler                        0x08001d57   Thumb Code    22  stm32f10x_it.o(.text)
    MemManage_Handler                        0x08001d6d   Thumb Code    22  stm32f10x_it.o(.text)
    BusFault_Handler                         0x08001d83   Thumb Code    22  stm32f10x_it.o(.text)
    UsageFault_Handler                       0x08001d99   Thumb Code    22  stm32f10x_it.o(.text)
    SVC_Handler                              0x08001daf   Thumb Code     2  stm32f10x_it.o(.text)
    DebugMon_Handler                         0x08001db1   Thumb Code     2  stm32f10x_it.o(.text)
    PendSV_Handler                           0x08001db3   Thumb Code     2  stm32f10x_it.o(.text)
    SysTick_Handler                          0x08001db5   Thumb Code    12  stm32f10x_it.o(.text)
    EXTI9_5_IRQHandler                       0x08001dc1   Thumb Code    16  stm32f10x_it.o(.text)
    EXTI0_IRQHandler                         0x08001dd1   Thumb Code    16  stm32f10x_it.o(.text)
    TIM2_IRQHandler                          0x08001de1   Thumb Code    42  stm32f10x_it.o(.text)
    processTagRangeReports_KalmanFilter      0x08001e89   Thumb Code   176  tag_dist.o(.text)
    addressconfigure                         0x08001f3d   Thumb Code    34  twr_task.o(.text)
    decarangingmode                          0x08001f5f   Thumb Code    18  twr_task.o(.text)
    instance_update_sfConfig                 0x08001f71   Thumb Code    36  twr_task.o(.text)
    instance_update_coord                    0x08001f95   Thumb Code    56  twr_task.o(.text)
    inittestapplication                      0x08001fcd   Thumb Code   172  twr_task.o(.text)
    tag_distance_fil                         0x08002079   Thumb Code    40  twr_task.o(.text)
    tag_output_test                          0x080020a1   Thumb Code     2  twr_task.o(.text)
    twr_task                                 0x080020a3   Thumb Code    18  twr_task.o(.text)
    portGetTickCnt                           0x08002141   Thumb Code     6  uwb.o(.text)
    sleep_ms                                 0x08002147   Thumb Code    16  uwb.o(.text)
    Sleep                                    0x08002157   Thumb Code     2  uwb.o(.text)
    reset_DW1000                             0x08002159   Thumb Code    68  uwb.o(.text)
    port_set_dw1000_slowrate                 0x080021ed   Thumb Code     4  uwb.o(.text)
    port_set_dw1000_fastrate                 0x080021f1   Thumb Code     4  uwb.o(.text)
    port_wakeup_dw1000                       0x080021f5   Thumb Code    34  uwb.o(.text)
    setup_DW1000RSTnIRQ                      0x08002217   Thumb Code   134  uwb.o(.text)
    port_wakeup_dw1000_fast                  0x0800229d   Thumb Code    66  uwb.o(.text)
    process_dwRSTn_irq                       0x080022df   Thumb Code     8  uwb.o(.text)
    deca_sleep                               0x080022e7   Thumb Code     2  uwb.o(.text)
    EXTI_GetITEnStatus                       0x080022e9   Thumb Code    16  uwb.o(.text)
    writetospi_serial                        0x080022f9   Thumb Code    94  uwb.o(.text)
    readfromspi_serial                       0x08002357   Thumb Code    96  uwb.o(.text)
    instance_get_local_structure_ptr         0x080023c9   Thumb Code    10  instance_common.o(.text)
    instance_convert_usec_to_devtimeu        0x080023d3   Thumb Code    26  instance_common.o(.text)
    instance_calculate_rangefromTOF          0x080023ed   Thumb Code   170  instance_common.o(.text)
    instance_cleardisttable                  0x08002497   Thumb Code    26  instance_common.o(.text)
    instance_cleardisttableall               0x080024b1   Thumb Code    38  instance_common.o(.text)
    instance_get_role                        0x080024d7   Thumb Code    12  instance_common.o(.text)
    instance_newrange                        0x080024e3   Thumb Code    22  instance_common.o(.text)
    instance_newrangeancadd                  0x080024f9   Thumb Code    14  instance_common.o(.text)
    instance_newrangetagadd                  0x08002507   Thumb Code    14  instance_common.o(.text)
    instance_newrangetim                     0x08002515   Thumb Code    14  instance_common.o(.text)
    instance_newrangerx_diag                 0x08002523   Thumb Code    26  instance_common.o(.text)
    instance_newtrasport_cmd                 0x0800253d   Thumb Code    62  instance_common.o(.text)
    instance_clearcounts                     0x0800257b   Thumb Code    62  instance_common.o(.text)
    instance_putevent                        0x080025b9   Thumb Code    90  instance_common.o(.text)
    instance_seteventtime                    0x08002613   Thumb Code    52  instance_common.o(.text)
    tx_conf_cb                               0x08002647   Thumb Code   102  instance_common.o(.text)
    instance_clearevents                     0x080026ad   Thumb Code    56  instance_common.o(.text)
    instance_init                            0x080026e5   Thumb Code   152  instance_common.o(.text)
    instance_readdeviceid                    0x0800277d   Thumb Code     4  instance_common.o(.text)
    calc_length_data                         0x08002781   Thumb Code   196  instance_common.o(.text)
    instance_set_replydelay                  0x08002845   Thumb Code   472  instance_common.o(.text)
    instance_config                          0x08002a1d   Thumb Code   446  instance_common.o(.text)
    instance_get_rnum                        0x08002bdb   Thumb Code    14  instance_common.o(.text)
    instance_get_rnuma                       0x08002be9   Thumb Code    18  instance_common.o(.text)
    instance_get_lcount                      0x08002bfb   Thumb Code    90  instance_common.o(.text)
    instance_get_idist_mm                    0x08002c55   Thumb Code    32  instance_common.o(.text)
    instance_get_idistraw_mm                 0x08002c75   Thumb Code    34  instance_common.o(.text)
    instance_set_16bit_address               0x08002c97   Thumb Code    14  instance_common.o(.text)
    instance_config_frameheader_16bit        0x08002ca5   Thumb Code    26  instance_common.o(.text)
    instance_send_delayed_frame              0x08002cbf   Thumb Code    66  instance_common.o(.text)
    instance_peekevent                       0x08002d01   Thumb Code    30  instance_common.o(.text)
    instance_getevent                        0x08002d1f   Thumb Code   156  instance_common.o(.text)
    instance_config_txpower                  0x08002dbb   Thumb Code    20  instance_common.o(.text)
    instance_set_txpower                     0x08002dcf   Thumb Code    36  instance_common.o(.text)
    instance_config_antennadelays            0x08002df3   Thumb Code    22  instance_common.o(.text)
    instance_set_antennadelays               0x08002e09   Thumb Code    38  instance_common.o(.text)
    instance_get_txantdly                    0x08002e2f   Thumb Code    12  instance_common.o(.text)
    instance_get_rxantdly                    0x08002e3b   Thumb Code    12  instance_common.o(.text)
    instance_validranges                     0x08002e47   Thumb Code    20  instance_common.o(.text)
    instance_calc_ranges                     0x08002e5b   Thumb Code    86  instance_common.o(.text)
    process_deca_irq                         0x08002eb1   Thumb Code    26  instance_common.o(.text)
    anch_no_timeout_rx_reenable              0x08002edd   Thumb Code    18  instance_anch.o(.text)
    anch_process_RX_timeout                  0x08002eef   Thumb Code    28  instance_anch.o(.text)
    anch_enable_rx                           0x08002f0b   Thumb Code    66  instance_anch.o(.text)
    anch_txresponse_or_rx_reenable           0x08002f4d   Thumb Code   224  instance_anch.o(.text)
    anch_prepare_anc2tag_response            0x0800302d   Thumb Code   310  instance_anch.o(.text)
    anch_handle_error_unknownframe_timeout   0x08003163   Thumb Code   132  instance_anch.o(.text)
    rx_to_cb_anch                            0x080031e7   Thumb Code    36  instance_anch.o(.text)
    rx_err_cb_anch                           0x0800320b   Thumb Code    34  instance_anch.o(.text)
    rx_ok_cb_anch                            0x0800322d   Thumb Code   424  instance_anch.o(.text)
    check_state_change                       0x080033d5   Thumb Code    20  instance_anch.o(.text)
    calc_tof                                 0x080033e9   Thumb Code   286  instance_anch.o(.text)
    anch_app_run                             0x08003507   Thumb Code   762  instance_anch.o(.text)
    anch_run                                 0x08003801   Thumb Code    24  instance_anch.o(.text)
    tag_enable_rx                            0x0800381d   Thumb Code    78  instance_tag.o(.text)
    tag_process_rx_timeout                   0x0800386b   Thumb Code    44  instance_tag.o(.text)
    tag_rx_reenable                          0x08003897   Thumb Code   116  instance_tag.o(.text)
    tag_handle_error_unknownframe            0x0800390b   Thumb Code    86  instance_tag.o(.text)
    rx_to_cb_tag                             0x08003961   Thumb Code    36  instance_tag.o(.text)
    rx_err_cb_tag                            0x08003985   Thumb Code    34  instance_tag.o(.text)
    rx_ok_cb_tag                             0x080039a7   Thumb Code   298  instance_tag.o(.text)
    tag_app_run                              0x08003ad1   Thumb Code  1034  instance_tag.o(.text)
    tag_run                                  0x08003edb   Thumb Code   126  instance_tag.o(.text)
    decamutexon                              0x08003f85   Thumb Code    26  deca_mutex.o(.text)
    decamutexoff                             0x08003f9f   Thumb Code    18  deca_mutex.o(.text)
    dwt_getrangebias                         0x08003fb1   Thumb Code   200  deca_range_tables.o(.text)
    dwt_setdevicedataptr                     0x08004089   Thumb Code    26  deca_device.o(.text)
    dwt_readfromdevice                       0x080040a3   Thumb Code    58  deca_device.o(.text)
    dwt_read32bitoffsetreg                   0x080040dd   Thumb Code    34  deca_device.o(.text)
    dwt_writetodevice                        0x080040ff   Thumb Code    62  deca_device.o(.text)
    dwt_write8bitoffsetreg                   0x0800413d   Thumb Code    16  deca_device.o(.text)
    _dwt_enableclocks                        0x0800414d   Thumb Code   206  deca_device.o(.text)
    dwt_write16bitoffsetreg                  0x0800421b   Thumb Code    26  deca_device.o(.text)
    dwt_read16bitoffsetreg                   0x08004235   Thumb Code    30  deca_device.o(.text)
    _dwt_loaducodefromrom                    0x08004253   Thumb Code    34  deca_device.o(.text)
    dwt_setxtaltrim                          0x08004275   Thumb Code    14  deca_device.o(.text)
    _dwt_otpread                             0x08004283   Thumb Code    42  deca_device.o(.text)
    _dwt_aonarrayupload                      0x080042ad   Thumb Code    24  deca_device.o(.text)
    _dwt_disablesequencing                   0x080042c5   Thumb Code    20  deca_device.o(.text)
    dwt_softreset                            0x080042d9   Thumb Code    66  deca_device.o(.text)
    dwt_readdevid                            0x0800431b   Thumb Code     6  deca_device.o(.text)
    dwt_initialise                           0x08004321   Thumb Code   216  deca_device.o(.text)
    dwt_otprevision                          0x080043f9   Thumb Code     8  deca_device.o(.text)
    dwt_setfinegraintxseq                    0x08004401   Thumb Code    16  deca_device.o(.text)
    dwt_write32bitoffsetreg                  0x08004411   Thumb Code    30  deca_device.o(.text)
    dwt_setlnapamode                         0x0800442f   Thumb Code    40  deca_device.o(.text)
    dwt_setgpiodirection                     0x08004457   Thumb Code    46  deca_device.o(.text)
    dwt_setgpiovalue                         0x08004485   Thumb Code    34  deca_device.o(.text)
    dwt_getpartid                            0x080044a7   Thumb Code     8  deca_device.o(.text)
    dwt_getlotid                             0x080044af   Thumb Code     8  deca_device.o(.text)
    dwt_configuretxrf                        0x080044b7   Thumb Code    30  deca_device.o(.text)
    _dwt_configlde                           0x080044d5   Thumb Code    40  deca_device.o(.text)
    dwt_configure                            0x080044fd   Thumb Code   486  deca_device.o(.text)
    dwt_setrxantennadelay                    0x080046e3   Thumb Code    10  deca_device.o(.text)
    dwt_settxantennadelay                    0x080046ed   Thumb Code     8  deca_device.o(.text)
    dwt_writetxdata                          0x080046f5   Thumb Code    34  deca_device.o(.text)
    dwt_writetxfctrl                         0x08004717   Thumb Code    22  deca_device.o(.text)
    dwt_readrxdata                           0x0800472d   Thumb Code    16  deca_device.o(.text)
    dwt_readaccdata                          0x0800473d   Thumb Code    34  deca_device.o(.text)
    dwt_readdiagnostics                      0x0800475f   Thumb Code    60  deca_device.o(.text)
    dwt_readtxtimestamp                      0x0800479b   Thumb Code    10  deca_device.o(.text)
    dwt_readtxtimestamphi32                  0x080047a5   Thumb Code     6  deca_device.o(.text)
    dwt_readtxtimestamplo32                  0x080047ab   Thumb Code     6  deca_device.o(.text)
    dwt_readrxtimestamp                      0x080047b1   Thumb Code    10  deca_device.o(.text)
    dwt_readrxtimestamphi32                  0x080047bb   Thumb Code     6  deca_device.o(.text)
    dwt_readrxtimestamplo32                  0x080047c1   Thumb Code     6  deca_device.o(.text)
    dwt_readsystimestamphi32                 0x080047c7   Thumb Code     6  deca_device.o(.text)
    dwt_readsystime                          0x080047cd   Thumb Code    10  deca_device.o(.text)
    dwt_read8bitoffsetreg                    0x080047d7   Thumb Code    20  deca_device.o(.text)
    dwt_enableframefilter                    0x080047eb   Thumb Code    54  deca_device.o(.text)
    dwt_setpanid                             0x08004821   Thumb Code     8  deca_device.o(.text)
    dwt_setaddress16                         0x08004829   Thumb Code     8  deca_device.o(.text)
    dwt_seteui                               0x08004831   Thumb Code    10  deca_device.o(.text)
    dwt_geteui                               0x0800483b   Thumb Code    10  deca_device.o(.text)
    dwt_otpread                              0x08004845   Thumb Code    44  deca_device.o(.text)
    _dwt_otpsetmrregs                        0x08004871   Thumb Code   592  deca_device.o(.text)
    _dwt_otpprogword32                       0x08004ac1   Thumb Code   156  deca_device.o(.text)
    dwt_otpwriteandverify                    0x08004b5d   Thumb Code    80  deca_device.o(.text)
    _dwt_aonconfigupload                     0x08004bad   Thumb Code    26  deca_device.o(.text)
    dwt_entersleep                           0x08004bc7   Thumb Code     4  deca_device.o(.text)
    dwt_configuresleepcnt                    0x08004bcb   Thumb Code    72  deca_device.o(.text)
    dwt_calibratesleepcnt                    0x08004c13   Thumb Code   148  deca_device.o(.text)
    dwt_configuresleep                       0x08004ca7   Thumb Code    34  deca_device.o(.text)
    dwt_entersleepaftertx                    0x08004cc9   Thumb Code    36  deca_device.o(.text)
    dwt_spicswakeup                          0x08004ced   Thumb Code    50  deca_device.o(.text)
    dwt_loadopsettabfromotp                  0x08004d1f   Thumb Code    36  deca_device.o(.text)
    dwt_setsmarttxpower                      0x08004d43   Thumb Code    46  deca_device.o(.text)
    dwt_enableautoack                        0x08004d71   Thumb Code    36  deca_device.o(.text)
    dwt_setdblrxbuffmode                     0x08004d95   Thumb Code    38  deca_device.o(.text)
    dwt_setrxaftertxdelay                    0x08004dbb   Thumb Code    34  deca_device.o(.text)
    dwt_setcallbacks                         0x08004ddd   Thumb Code    14  deca_device.o(.text)
    dwt_checkirq                             0x08004deb   Thumb Code    16  deca_device.o(.text)
    dwt_rxreset                              0x08004dfb   Thumb Code    26  deca_device.o(.text)
    dwt_syncrxbufptrs                        0x08004e15   Thumb Code    40  deca_device.o(.text)
    dwt_forcetrxoff                          0x08004e3d   Thumb Code    78  deca_device.o(.text)
    dwt_isr                                  0x08004e8b   Thumb Code   286  deca_device.o(.text)
    dwt_setlowpowerlistening                 0x08004fa9   Thumb Code    36  deca_device.o(.text)
    dwt_lowpowerlistenisr                    0x08004fcd   Thumb Code   152  deca_device.o(.text)
    dwt_setleds                              0x08005065   Thumb Code   128  deca_device.o(.text)
    dwt_setdelayedtrxtime                    0x080050e5   Thumb Code    10  deca_device.o(.text)
    dwt_starttx                              0x080050ef   Thumb Code   100  deca_device.o(.text)
    dwt_setsniffmode                         0x08005153   Thumb Code    68  deca_device.o(.text)
    dwt_setsnoozetime                        0x08005197   Thumb Code    10  deca_device.o(.text)
    dwt_rxenable                             0x080051a1   Thumb Code    78  deca_device.o(.text)
    dwt_setrxtimeout                         0x080051ef   Thumb Code    68  deca_device.o(.text)
    dwt_setpreambledetecttimeout             0x08005233   Thumb Code    10  deca_device.o(.text)
    dwt_setinterrupt                         0x0800523d   Thumb Code    48  deca_device.o(.text)
    dwt_configeventcounters                  0x0800526d   Thumb Code    34  deca_device.o(.text)
    dwt_readeventcounters                    0x0800528f   Thumb Code   126  deca_device.o(.text)
    dwt_getinitxtaltrim                      0x0800530d   Thumb Code     8  deca_device.o(.text)
    dwt_configcwmode                         0x08005315   Thumb Code   118  deca_device.o(.text)
    dwt_configcontinuousframemode            0x0800538b   Thumb Code    72  deca_device.o(.text)
    dwt_readtempvbat                         0x080053d3   Thumb Code   172  deca_device.o(.text)
    dwt_readwakeuptemp                       0x0800547f   Thumb Code     8  deca_device.o(.text)
    dwt_readwakeupvbat                       0x08005487   Thumb Code     8  deca_device.o(.text)
    dwt_calcbandwidthtempadj                 0x0800548f   Thumb Code   240  deca_device.o(.text)
    _dwt_computetxpowersetting               0x0800557f   Thumb Code    86  deca_device.o(.text)
    dwt_calcpowertempadj                     0x080055d5   Thumb Code    62  deca_device.o(.text)
    dwt_calcpgcount                          0x08005613   Thumb Code   178  deca_device.o(.text)
    NVIC_PriorityGroupConfig                 0x080056d1   Thumb Code    10  misc.o(.text)
    NVIC_Init                                0x080056db   Thumb Code    94  misc.o(.text)
    NVIC_SetVectorTable                      0x08005739   Thumb Code    14  misc.o(.text)
    NVIC_SystemLPConfig                      0x08005747   Thumb Code    20  misc.o(.text)
    SysTick_CLKSourceConfig                  0x0800575b   Thumb Code    24  misc.o(.text)
    DMA_DeInit                               0x08005781   Thumb Code   218  stm32f10x_dma.o(.text)
    DMA_Init                                 0x0800585b   Thumb Code    58  stm32f10x_dma.o(.text)
    DMA_StructInit                           0x08005895   Thumb Code    26  stm32f10x_dma.o(.text)
    DMA_Cmd                                  0x080058af   Thumb Code    22  stm32f10x_dma.o(.text)
    DMA_ITConfig                             0x080058c5   Thumb Code    16  stm32f10x_dma.o(.text)
    DMA_SetCurrDataCounter                   0x080058d5   Thumb Code     4  stm32f10x_dma.o(.text)
    DMA_GetCurrDataCounter                   0x080058d9   Thumb Code     6  stm32f10x_dma.o(.text)
    DMA_GetFlagStatus                        0x080058df   Thumb Code    28  stm32f10x_dma.o(.text)
    DMA_ClearFlag                            0x080058fb   Thumb Code    20  stm32f10x_dma.o(.text)
    DMA_GetITStatus                          0x0800590f   Thumb Code    28  stm32f10x_dma.o(.text)
    DMA_ClearITPendingBit                    0x0800592b   Thumb Code    20  stm32f10x_dma.o(.text)
    EXTI_DeInit                              0x08005949   Thumb Code    28  stm32f10x_exti.o(.text)
    EXTI_Init                                0x08005965   Thumb Code   108  stm32f10x_exti.o(.text)
    EXTI_StructInit                          0x080059d1   Thumb Code    14  stm32f10x_exti.o(.text)
    EXTI_GenerateSWInterrupt                 0x080059df   Thumb Code    12  stm32f10x_exti.o(.text)
    EXTI_GetFlagStatus                       0x080059eb   Thumb Code    18  stm32f10x_exti.o(.text)
    EXTI_ClearFlag                           0x080059fd   Thumb Code     8  stm32f10x_exti.o(.text)
    EXTI_GetITStatus                         0x08005a05   Thumb Code    28  stm32f10x_exti.o(.text)
    EXTI_ClearITPendingBit                   0x08005a21   Thumb Code     8  stm32f10x_exti.o(.text)
    FLASH_SetLatency                         0x08005a31   Thumb Code    14  stm32f10x_flash.o(.text)
    FLASH_HalfCycleAccessCmd                 0x08005a3f   Thumb Code    18  stm32f10x_flash.o(.text)
    FLASH_PrefetchBufferCmd                  0x08005a51   Thumb Code    18  stm32f10x_flash.o(.text)
    FLASH_Unlock                             0x08005a63   Thumb Code    12  stm32f10x_flash.o(.text)
    FLASH_UnlockBank1                        0x08005a6f   Thumb Code    12  stm32f10x_flash.o(.text)
    FLASH_Lock                               0x08005a7b   Thumb Code    12  stm32f10x_flash.o(.text)
    FLASH_LockBank1                          0x08005a87   Thumb Code    12  stm32f10x_flash.o(.text)
    FLASH_GetBank1Status                     0x08005a93   Thumb Code    34  stm32f10x_flash.o(.text)
    FLASH_WaitForLastOperation               0x08005ab5   Thumb Code    36  stm32f10x_flash.o(.text)
    FLASH_ErasePage                          0x08005ad9   Thumb Code    56  stm32f10x_flash.o(.text)
    FLASH_EraseAllPages                      0x08005b11   Thumb Code    52  stm32f10x_flash.o(.text)
    FLASH_WaitForLastBank1Operation          0x08005b45   Thumb Code    36  stm32f10x_flash.o(.text)
    FLASH_EraseAllBank1Pages                 0x08005b69   Thumb Code    52  stm32f10x_flash.o(.text)
    FLASH_GetReadOutProtectionStatus         0x08005b9d   Thumb Code    14  stm32f10x_flash.o(.text)
    FLASH_EraseOptionBytes                   0x08005bab   Thumb Code   108  stm32f10x_flash.o(.text)
    FLASH_ProgramWord                        0x08005c17   Thumb Code    72  stm32f10x_flash.o(.text)
    FLASH_ProgramHalfWord                    0x08005c5f   Thumb Code    48  stm32f10x_flash.o(.text)
    FLASH_ProgramOptionByteData              0x08005c8f   Thumb Code    62  stm32f10x_flash.o(.text)
    FLASH_EnableWriteProtection              0x08005ccd   Thumb Code   150  stm32f10x_flash.o(.text)
    FLASH_ReadOutProtection                  0x08005d63   Thumb Code   118  stm32f10x_flash.o(.text)
    FLASH_UserOptionByteConfig               0x08005dd9   Thumb Code    92  stm32f10x_flash.o(.text)
    FLASH_GetUserOptionByte                  0x08005e35   Thumb Code     8  stm32f10x_flash.o(.text)
    FLASH_GetWriteProtectionOptionByte       0x08005e3d   Thumb Code     6  stm32f10x_flash.o(.text)
    FLASH_GetPrefetchBufferStatus            0x08005e43   Thumb Code    14  stm32f10x_flash.o(.text)
    FLASH_ITConfig                           0x08005e51   Thumb Code    18  stm32f10x_flash.o(.text)
    FLASH_GetFlagStatus                      0x08005e63   Thumb Code    28  stm32f10x_flash.o(.text)
    FLASH_ClearFlag                          0x08005e7f   Thumb Code     6  stm32f10x_flash.o(.text)
    FLASH_GetStatus                          0x08005e85   Thumb Code    34  stm32f10x_flash.o(.text)
    GPIO_DeInit                              0x08005ead   Thumb Code   152  stm32f10x_gpio.o(.text)
    GPIO_AFIODeInit                          0x08005f45   Thumb Code    22  stm32f10x_gpio.o(.text)
    GPIO_Init                                0x08005f5b   Thumb Code   164  stm32f10x_gpio.o(.text)
    GPIO_StructInit                          0x08005fff   Thumb Code    16  stm32f10x_gpio.o(.text)
    GPIO_ReadInputDataBit                    0x0800600f   Thumb Code    14  stm32f10x_gpio.o(.text)
    GPIO_ReadInputData                       0x0800601d   Thumb Code     6  stm32f10x_gpio.o(.text)
    GPIO_ReadOutputDataBit                   0x08006023   Thumb Code    14  stm32f10x_gpio.o(.text)
    GPIO_ReadOutputData                      0x08006031   Thumb Code     6  stm32f10x_gpio.o(.text)
    GPIO_SetBits                             0x08006037   Thumb Code     4  stm32f10x_gpio.o(.text)
    GPIO_ResetBits                           0x0800603b   Thumb Code     4  stm32f10x_gpio.o(.text)
    GPIO_WriteBit                            0x0800603f   Thumb Code    10  stm32f10x_gpio.o(.text)
    GPIO_Write                               0x08006049   Thumb Code     4  stm32f10x_gpio.o(.text)
    GPIO_PinLockConfig                       0x0800604d   Thumb Code    16  stm32f10x_gpio.o(.text)
    GPIO_EventOutputConfig                   0x0800605d   Thumb Code    22  stm32f10x_gpio.o(.text)
    GPIO_EventOutputCmd                      0x08006073   Thumb Code     6  stm32f10x_gpio.o(.text)
    GPIO_PinRemapConfig                      0x08006079   Thumb Code    82  stm32f10x_gpio.o(.text)
    GPIO_EXTILineConfig                      0x080060cb   Thumb Code    34  stm32f10x_gpio.o(.text)
    GPIO_ETH_MediaInterfaceConfig            0x080060ed   Thumb Code     8  stm32f10x_gpio.o(.text)
    IWDG_WriteAccessCmd                      0x08006119   Thumb Code     6  stm32f10x_iwdg.o(.text)
    IWDG_SetPrescaler                        0x0800611f   Thumb Code     6  stm32f10x_iwdg.o(.text)
    IWDG_SetReload                           0x08006125   Thumb Code     6  stm32f10x_iwdg.o(.text)
    IWDG_ReloadCounter                       0x0800612b   Thumb Code    10  stm32f10x_iwdg.o(.text)
    IWDG_Enable                              0x08006135   Thumb Code    10  stm32f10x_iwdg.o(.text)
    IWDG_GetFlagStatus                       0x0800613f   Thumb Code    16  stm32f10x_iwdg.o(.text)
    RCC_DeInit                               0x08006155   Thumb Code    50  stm32f10x_rcc.o(.text)
    RCC_HSEConfig                            0x08006187   Thumb Code    48  stm32f10x_rcc.o(.text)
    RCC_GetFlagStatus                        0x080061b7   Thumb Code    42  stm32f10x_rcc.o(.text)
    RCC_WaitForHSEStartUp                    0x080061e1   Thumb Code    44  stm32f10x_rcc.o(.text)
    RCC_AdjustHSICalibrationValue            0x0800620d   Thumb Code    16  stm32f10x_rcc.o(.text)
    RCC_HSICmd                               0x0800621d   Thumb Code     6  stm32f10x_rcc.o(.text)
    RCC_PLLConfig                            0x08006223   Thumb Code    16  stm32f10x_rcc.o(.text)
    RCC_PLLCmd                               0x08006233   Thumb Code     6  stm32f10x_rcc.o(.text)
    RCC_SYSCLKConfig                         0x08006239   Thumb Code    14  stm32f10x_rcc.o(.text)
    RCC_GetSYSCLKSource                      0x08006247   Thumb Code    10  stm32f10x_rcc.o(.text)
    RCC_HCLKConfig                           0x08006251   Thumb Code    14  stm32f10x_rcc.o(.text)
    RCC_PCLK1Config                          0x0800625f   Thumb Code    14  stm32f10x_rcc.o(.text)
    RCC_PCLK2Config                          0x0800626d   Thumb Code    16  stm32f10x_rcc.o(.text)
    RCC_ITConfig                             0x0800627d   Thumb Code    18  stm32f10x_rcc.o(.text)
    RCC_USBCLKConfig                         0x0800628f   Thumb Code     8  stm32f10x_rcc.o(.text)
    RCC_ADCCLKConfig                         0x08006297   Thumb Code    14  stm32f10x_rcc.o(.text)
    RCC_LSEConfig                            0x080062a5   Thumb Code    28  stm32f10x_rcc.o(.text)
    RCC_LSICmd                               0x080062c1   Thumb Code     6  stm32f10x_rcc.o(.text)
    RCC_RTCCLKConfig                         0x080062c7   Thumb Code    10  stm32f10x_rcc.o(.text)
    RCC_RTCCLKCmd                            0x080062d1   Thumb Code     8  stm32f10x_rcc.o(.text)
    RCC_GetClocksFreq                        0x080062d9   Thumb Code   128  stm32f10x_rcc.o(.text)
    RCC_AHBPeriphClockCmd                    0x08006359   Thumb Code    18  stm32f10x_rcc.o(.text)
    RCC_APB2PeriphClockCmd                   0x0800636b   Thumb Code    18  stm32f10x_rcc.o(.text)
    RCC_APB1PeriphClockCmd                   0x0800637d   Thumb Code    18  stm32f10x_rcc.o(.text)
    RCC_APB2PeriphResetCmd                   0x0800638f   Thumb Code    18  stm32f10x_rcc.o(.text)
    RCC_APB1PeriphResetCmd                   0x080063a1   Thumb Code    18  stm32f10x_rcc.o(.text)
    RCC_BackupResetCmd                       0x080063b3   Thumb Code     8  stm32f10x_rcc.o(.text)
    RCC_ClockSecuritySystemCmd               0x080063bb   Thumb Code     6  stm32f10x_rcc.o(.text)
    RCC_MCOConfig                            0x080063c1   Thumb Code     6  stm32f10x_rcc.o(.text)
    RCC_ClearFlag                            0x080063c7   Thumb Code    12  stm32f10x_rcc.o(.text)
    RCC_GetITStatus                          0x080063d3   Thumb Code    16  stm32f10x_rcc.o(.text)
    RCC_ClearITPendingBit                    0x080063e3   Thumb Code     6  stm32f10x_rcc.o(.text)
    SPI_I2S_DeInit                           0x08006409   Thumb Code    72  stm32f10x_spi.o(.text)
    SPI_Init                                 0x08006451   Thumb Code    56  stm32f10x_spi.o(.text)
    I2S_Init                                 0x08006489   Thumb Code   152  stm32f10x_spi.o(.text)
    SPI_StructInit                           0x08006521   Thumb Code    24  stm32f10x_spi.o(.text)
    I2S_StructInit                           0x08006539   Thumb Code    18  stm32f10x_spi.o(.text)
    SPI_Cmd                                  0x0800654b   Thumb Code    20  stm32f10x_spi.o(.text)
    I2S_Cmd                                  0x0800655f   Thumb Code    20  stm32f10x_spi.o(.text)
    SPI_I2S_ITConfig                         0x08006573   Thumb Code    24  stm32f10x_spi.o(.text)
    SPI_I2S_DMACmd                           0x0800658b   Thumb Code    16  stm32f10x_spi.o(.text)
    SPI_I2S_SendData                         0x0800659b   Thumb Code     4  stm32f10x_spi.o(.text)
    SPI_I2S_ReceiveData                      0x0800659f   Thumb Code     4  stm32f10x_spi.o(.text)
    SPI_NSSInternalSoftwareConfig            0x080065a3   Thumb Code    24  stm32f10x_spi.o(.text)
    SPI_SSOutputCmd                          0x080065bb   Thumb Code    20  stm32f10x_spi.o(.text)
    SPI_DataSizeConfig                       0x080065cf   Thumb Code    16  stm32f10x_spi.o(.text)
    SPI_TransmitCRC                          0x080065df   Thumb Code    10  stm32f10x_spi.o(.text)
    SPI_CalculateCRC                         0x080065e9   Thumb Code    20  stm32f10x_spi.o(.text)
    SPI_GetCRC                               0x080065fd   Thumb Code    12  stm32f10x_spi.o(.text)
    SPI_GetCRCPolynomial                     0x08006609   Thumb Code     4  stm32f10x_spi.o(.text)
    SPI_BiDirectionalLineConfig              0x0800660d   Thumb Code    22  stm32f10x_spi.o(.text)
    SPI_I2S_GetFlagStatus                    0x08006623   Thumb Code    14  stm32f10x_spi.o(.text)
    SPI_I2S_ClearFlag                        0x08006631   Thumb Code     6  stm32f10x_spi.o(.text)
    SPI_I2S_GetITStatus                      0x08006637   Thumb Code    42  stm32f10x_spi.o(.text)
    SPI_I2S_ClearITPendingBit                0x08006661   Thumb Code    14  stm32f10x_spi.o(.text)
    TIM_DeInit                               0x0800667d   Thumb Code   304  stm32f10x_tim.o(.text)
    TIM_TimeBaseInit                         0x080067ad   Thumb Code   114  stm32f10x_tim.o(.text)
    TIM_OC1Init                              0x0800681f   Thumb Code   106  stm32f10x_tim.o(.text)
    TIM_OC2Init                              0x08006889   Thumb Code   120  stm32f10x_tim.o(.text)
    TIM_OC3Init                              0x08006901   Thumb Code   116  stm32f10x_tim.o(.text)
    TIM_OC4Init                              0x08006975   Thumb Code    90  stm32f10x_tim.o(.text)
    TIM_SetIC4Prescaler                      0x080069cf   Thumb Code    24  stm32f10x_tim.o(.text)
    TIM_SetIC3Prescaler                      0x080069e7   Thumb Code    16  stm32f10x_tim.o(.text)
    TIM_SetIC2Prescaler                      0x080069f7   Thumb Code    24  stm32f10x_tim.o(.text)
    TIM_SetIC1Prescaler                      0x08006ab5   Thumb Code    16  stm32f10x_tim.o(.text)
    TIM_ICInit                               0x08006b1d   Thumb Code   272  stm32f10x_tim.o(.text)
    TIM_PWMIConfig                           0x08006c2d   Thumb Code   104  stm32f10x_tim.o(.text)
    TIM_BDTRConfig                           0x08006c95   Thumb Code    34  stm32f10x_tim.o(.text)
    TIM_TimeBaseStructInit                   0x08006cb7   Thumb Code    18  stm32f10x_tim.o(.text)
    TIM_OCStructInit                         0x08006cc9   Thumb Code    20  stm32f10x_tim.o(.text)
    TIM_ICStructInit                         0x08006cdd   Thumb Code    16  stm32f10x_tim.o(.text)
    TIM_BDTRStructInit                       0x08006ced   Thumb Code    18  stm32f10x_tim.o(.text)
    TIM_Cmd                                  0x08006cff   Thumb Code    20  stm32f10x_tim.o(.text)
    TIM_CtrlPWMOutputs                       0x08006d13   Thumb Code    22  stm32f10x_tim.o(.text)
    TIM_ITConfig                             0x08006d29   Thumb Code    16  stm32f10x_tim.o(.text)
    TIM_GenerateEvent                        0x08006d39   Thumb Code     4  stm32f10x_tim.o(.text)
    TIM_DMAConfig                            0x08006d3d   Thumb Code     8  stm32f10x_tim.o(.text)
    TIM_DMACmd                               0x08006d45   Thumb Code    16  stm32f10x_tim.o(.text)
    TIM_InternalClockConfig                  0x08006d55   Thumb Code    10  stm32f10x_tim.o(.text)
    TIM_SelectInputTrigger                   0x08006d5f   Thumb Code    12  stm32f10x_tim.o(.text)
    TIM_ITRxExternalClockConfig              0x08006d6b   Thumb Code    18  stm32f10x_tim.o(.text)
    TIM_TIxExternalClockConfig               0x08006d7d   Thumb Code    46  stm32f10x_tim.o(.text)
    TIM_ETRConfig                            0x08006dab   Thumb Code    24  stm32f10x_tim.o(.text)
    TIM_ETRClockMode1Config                  0x08006dc3   Thumb Code    18  stm32f10x_tim.o(.text)
    TIM_ETRClockMode2Config                  0x08006dd5   Thumb Code    18  stm32f10x_tim.o(.text)
    TIM_PrescalerConfig                      0x08006de7   Thumb Code     6  stm32f10x_tim.o(.text)
    TIM_CounterModeConfig                    0x08006ded   Thumb Code    12  stm32f10x_tim.o(.text)
    TIM_EncoderInterfaceConfig               0x08006df9   Thumb Code    50  stm32f10x_tim.o(.text)
    TIM_ForcedOC1Config                      0x08006e2b   Thumb Code    12  stm32f10x_tim.o(.text)
    TIM_ForcedOC2Config                      0x08006e37   Thumb Code    20  stm32f10x_tim.o(.text)
    TIM_ForcedOC3Config                      0x08006e4b   Thumb Code    12  stm32f10x_tim.o(.text)
    TIM_ForcedOC4Config                      0x08006e57   Thumb Code    20  stm32f10x_tim.o(.text)
    TIM_ARRPreloadConfig                     0x08006e6b   Thumb Code    20  stm32f10x_tim.o(.text)
    TIM_SelectCOM                            0x08006e7f   Thumb Code    20  stm32f10x_tim.o(.text)
    TIM_SelectCCDMA                          0x08006e93   Thumb Code    20  stm32f10x_tim.o(.text)
    TIM_CCPreloadControl                     0x08006ea7   Thumb Code    20  stm32f10x_tim.o(.text)
    TIM_OC1PreloadConfig                     0x08006ebb   Thumb Code    34  stm32f10x_tim.o(.text)
    TIM_OC2PreloadConfig                     0x08006edd   Thumb Code    20  stm32f10x_tim.o(.text)
    TIM_OC3PreloadConfig                     0x08006ef1   Thumb Code    12  stm32f10x_tim.o(.text)
    TIM_OC4PreloadConfig                     0x08006efd   Thumb Code    20  stm32f10x_tim.o(.text)
    TIM_OC1FastConfig                        0x08006f11   Thumb Code    12  stm32f10x_tim.o(.text)
    TIM_OC2FastConfig                        0x08006f1d   Thumb Code    20  stm32f10x_tim.o(.text)
    TIM_OC3FastConfig                        0x08006f31   Thumb Code    12  stm32f10x_tim.o(.text)
    TIM_OC4FastConfig                        0x08006f3d   Thumb Code    20  stm32f10x_tim.o(.text)
    TIM_ClearOC1Ref                          0x08006f51   Thumb Code    12  stm32f10x_tim.o(.text)
    TIM_ClearOC2Ref                          0x08006f5d   Thumb Code    20  stm32f10x_tim.o(.text)
    TIM_ClearOC3Ref                          0x08006f71   Thumb Code    12  stm32f10x_tim.o(.text)
    TIM_ClearOC4Ref                          0x08006f7d   Thumb Code    20  stm32f10x_tim.o(.text)
    TIM_OC1PolarityConfig                    0x08006f91   Thumb Code    12  stm32f10x_tim.o(.text)
    TIM_OC1NPolarityConfig                   0x08006f9d   Thumb Code    12  stm32f10x_tim.o(.text)
    TIM_OC2PolarityConfig                    0x08006fa9   Thumb Code    20  stm32f10x_tim.o(.text)
    TIM_OC2NPolarityConfig                   0x08006fbd   Thumb Code    20  stm32f10x_tim.o(.text)
    TIM_OC3PolarityConfig                    0x08006fd1   Thumb Code    20  stm32f10x_tim.o(.text)
    TIM_OC3NPolarityConfig                   0x08006fe5   Thumb Code    20  stm32f10x_tim.o(.text)
    TIM_OC4PolarityConfig                    0x08006ff9   Thumb Code    20  stm32f10x_tim.o(.text)
    TIM_CCxCmd                               0x0800700d   Thumb Code    22  stm32f10x_tim.o(.text)
    TIM_CCxNCmd                              0x08007023   Thumb Code    22  stm32f10x_tim.o(.text)
    TIM_SelectOCxM                           0x08007039   Thumb Code    70  stm32f10x_tim.o(.text)
    TIM_UpdateDisableConfig                  0x0800707f   Thumb Code    20  stm32f10x_tim.o(.text)
    TIM_UpdateRequestConfig                  0x08007093   Thumb Code    20  stm32f10x_tim.o(.text)
    TIM_SelectHallSensor                     0x080070a7   Thumb Code    20  stm32f10x_tim.o(.text)
    TIM_SelectOnePulseMode                   0x080070bb   Thumb Code    16  stm32f10x_tim.o(.text)
    TIM_SelectOutputTrigger                  0x080070cb   Thumb Code    16  stm32f10x_tim.o(.text)
    TIM_SelectSlaveMode                      0x080070db   Thumb Code    16  stm32f10x_tim.o(.text)
    TIM_SelectMasterSlaveMode                0x080070eb   Thumb Code    16  stm32f10x_tim.o(.text)
    TIM_SetCounter                           0x080070fb   Thumb Code     4  stm32f10x_tim.o(.text)
    TIM_SetAutoreload                        0x080070ff   Thumb Code     4  stm32f10x_tim.o(.text)
    TIM_SetCompare1                          0x08007103   Thumb Code     4  stm32f10x_tim.o(.text)
    TIM_SetCompare2                          0x08007107   Thumb Code     4  stm32f10x_tim.o(.text)
    TIM_SetCompare3                          0x0800710b   Thumb Code     4  stm32f10x_tim.o(.text)
    TIM_SetCompare4                          0x0800710f   Thumb Code     6  stm32f10x_tim.o(.text)
    TIM_SetClockDivision                     0x08007115   Thumb Code    16  stm32f10x_tim.o(.text)
    TIM_GetCapture1                          0x08007125   Thumb Code     4  stm32f10x_tim.o(.text)
    TIM_GetCapture2                          0x08007129   Thumb Code     4  stm32f10x_tim.o(.text)
    TIM_GetCapture3                          0x0800712d   Thumb Code     4  stm32f10x_tim.o(.text)
    TIM_GetCapture4                          0x08007131   Thumb Code     6  stm32f10x_tim.o(.text)
    TIM_GetCounter                           0x08007137   Thumb Code     4  stm32f10x_tim.o(.text)
    TIM_GetPrescaler                         0x0800713b   Thumb Code     4  stm32f10x_tim.o(.text)
    TIM_GetFlagStatus                        0x0800713f   Thumb Code    14  stm32f10x_tim.o(.text)
    TIM_ClearFlag                            0x0800714d   Thumb Code     6  stm32f10x_tim.o(.text)
    TIM_GetITStatus                          0x08007153   Thumb Code    24  stm32f10x_tim.o(.text)
    TIM_ClearITPendingBit                    0x0800716b   Thumb Code     6  stm32f10x_tim.o(.text)
    USART_DeInit                             0x08007171   Thumb Code    96  stm32f10x_usart.o(.text)
    USART_Init                               0x080071d1   Thumb Code   166  stm32f10x_usart.o(.text)
    USART_StructInit                         0x08007277   Thumb Code    22  stm32f10x_usart.o(.text)
    USART_ClockInit                          0x0800728d   Thumb Code    30  stm32f10x_usart.o(.text)
    USART_ClockStructInit                    0x080072ab   Thumb Code    12  stm32f10x_usart.o(.text)
    USART_Cmd                                0x080072b7   Thumb Code    20  stm32f10x_usart.o(.text)
    USART_ITConfig                           0x080072cb   Thumb Code    48  stm32f10x_usart.o(.text)
    USART_DMACmd                             0x080072fb   Thumb Code    16  stm32f10x_usart.o(.text)
    USART_SetAddress                         0x0800730b   Thumb Code    16  stm32f10x_usart.o(.text)
    USART_WakeUpConfig                       0x0800731b   Thumb Code    16  stm32f10x_usart.o(.text)
    USART_ReceiverWakeUpCmd                  0x0800732b   Thumb Code    20  stm32f10x_usart.o(.text)
    USART_LINBreakDetectLengthConfig         0x0800733f   Thumb Code    16  stm32f10x_usart.o(.text)
    USART_LINCmd                             0x0800734f   Thumb Code    20  stm32f10x_usart.o(.text)
    USART_SendData                           0x08007363   Thumb Code     8  stm32f10x_usart.o(.text)
    USART_ReceiveData                        0x0800736b   Thumb Code     8  stm32f10x_usart.o(.text)
    USART_SendBreak                          0x08007373   Thumb Code    10  stm32f10x_usart.o(.text)
    USART_SetGuardTime                       0x0800737d   Thumb Code    16  stm32f10x_usart.o(.text)
    USART_SetPrescaler                       0x0800738d   Thumb Code    16  stm32f10x_usart.o(.text)
    USART_SmartCardCmd                       0x0800739d   Thumb Code    20  stm32f10x_usart.o(.text)
    USART_SmartCardNACKCmd                   0x080073b1   Thumb Code    20  stm32f10x_usart.o(.text)
    USART_HalfDuplexCmd                      0x080073c5   Thumb Code    20  stm32f10x_usart.o(.text)
    USART_OverSampling8Cmd                   0x080073d9   Thumb Code    20  stm32f10x_usart.o(.text)
    USART_OneBitMethodCmd                    0x080073ed   Thumb Code    20  stm32f10x_usart.o(.text)
    USART_IrDAConfig                         0x08007401   Thumb Code    16  stm32f10x_usart.o(.text)
    USART_IrDACmd                            0x08007411   Thumb Code    20  stm32f10x_usart.o(.text)
    USART_GetFlagStatus                      0x08007425   Thumb Code    14  stm32f10x_usart.o(.text)
    USART_ClearFlag                          0x08007433   Thumb Code     6  stm32f10x_usart.o(.text)
    USART_GetITStatus                        0x08007439   Thumb Code    62  stm32f10x_usart.o(.text)
    USART_ClearITPendingBit                  0x08007477   Thumb Code    12  stm32f10x_usart.o(.text)
    Reset_Handler                            0x08007499   Thumb Code     8  startup_stm32f10x_md.o(.text)
    ADC1_2_IRQHandler                        0x080074b3   Thumb Code     0  startup_stm32f10x_md.o(.text)
    CAN1_RX1_IRQHandler                      0x080074b3   Thumb Code     0  startup_stm32f10x_md.o(.text)
    CAN1_SCE_IRQHandler                      0x080074b3   Thumb Code     0  startup_stm32f10x_md.o(.text)
    DMA1_Channel1_IRQHandler                 0x080074b3   Thumb Code     0  startup_stm32f10x_md.o(.text)
    DMA1_Channel2_IRQHandler                 0x080074b3   Thumb Code     0  startup_stm32f10x_md.o(.text)
    DMA1_Channel3_IRQHandler                 0x080074b3   Thumb Code     0  startup_stm32f10x_md.o(.text)
    DMA1_Channel6_IRQHandler                 0x080074b3   Thumb Code     0  startup_stm32f10x_md.o(.text)
    DMA1_Channel7_IRQHandler                 0x080074b3   Thumb Code     0  startup_stm32f10x_md.o(.text)
    EXTI15_10_IRQHandler                     0x080074b3   Thumb Code     0  startup_stm32f10x_md.o(.text)
    EXTI1_IRQHandler                         0x080074b3   Thumb Code     0  startup_stm32f10x_md.o(.text)
    EXTI2_IRQHandler                         0x080074b3   Thumb Code     0  startup_stm32f10x_md.o(.text)
    EXTI3_IRQHandler                         0x080074b3   Thumb Code     0  startup_stm32f10x_md.o(.text)
    EXTI4_IRQHandler                         0x080074b3   Thumb Code     0  startup_stm32f10x_md.o(.text)
    FLASH_IRQHandler                         0x080074b3   Thumb Code     0  startup_stm32f10x_md.o(.text)
    I2C1_ER_IRQHandler                       0x080074b3   Thumb Code     0  startup_stm32f10x_md.o(.text)
    I2C1_EV_IRQHandler                       0x080074b3   Thumb Code     0  startup_stm32f10x_md.o(.text)
    I2C2_ER_IRQHandler                       0x080074b3   Thumb Code     0  startup_stm32f10x_md.o(.text)
    I2C2_EV_IRQHandler                       0x080074b3   Thumb Code     0  startup_stm32f10x_md.o(.text)
    PVD_IRQHandler                           0x080074b3   Thumb Code     0  startup_stm32f10x_md.o(.text)
    RCC_IRQHandler                           0x080074b3   Thumb Code     0  startup_stm32f10x_md.o(.text)
    RTCAlarm_IRQHandler                      0x080074b3   Thumb Code     0  startup_stm32f10x_md.o(.text)
    RTC_IRQHandler                           0x080074b3   Thumb Code     0  startup_stm32f10x_md.o(.text)
    SPI1_IRQHandler                          0x080074b3   Thumb Code     0  startup_stm32f10x_md.o(.text)
    SPI2_IRQHandler                          0x080074b3   Thumb Code     0  startup_stm32f10x_md.o(.text)
    TAMPER_IRQHandler                        0x080074b3   Thumb Code     0  startup_stm32f10x_md.o(.text)
    TIM1_BRK_IRQHandler                      0x080074b3   Thumb Code     0  startup_stm32f10x_md.o(.text)
    TIM1_CC_IRQHandler                       0x080074b3   Thumb Code     0  startup_stm32f10x_md.o(.text)
    TIM1_TRG_COM_IRQHandler                  0x080074b3   Thumb Code     0  startup_stm32f10x_md.o(.text)
    TIM1_UP_IRQHandler                       0x080074b3   Thumb Code     0  startup_stm32f10x_md.o(.text)
    TIM3_IRQHandler                          0x080074b3   Thumb Code     0  startup_stm32f10x_md.o(.text)
    TIM4_IRQHandler                          0x080074b3   Thumb Code     0  startup_stm32f10x_md.o(.text)
    USART1_IRQHandler                        0x080074b3   Thumb Code     0  startup_stm32f10x_md.o(.text)
    USART2_IRQHandler                        0x080074b3   Thumb Code     0  startup_stm32f10x_md.o(.text)
    USART3_IRQHandler                        0x080074b3   Thumb Code     0  startup_stm32f10x_md.o(.text)
    USBWakeUp_IRQHandler                     0x080074b3   Thumb Code     0  startup_stm32f10x_md.o(.text)
    USB_HP_CAN1_TX_IRQHandler                0x080074b3   Thumb Code     0  startup_stm32f10x_md.o(.text)
    USB_LP_CAN1_RX0_IRQHandler               0x080074b3   Thumb Code     0  startup_stm32f10x_md.o(.text)
    WWDG_IRQHandler                          0x080074b3   Thumb Code     0  startup_stm32f10x_md.o(.text)
    SystemInit                               0x0800755d   Thumb Code    64  system_stm32f10x.o(.text)
    SystemCoreClockUpdate                    0x0800759d   Thumb Code    84  system_stm32f10x.o(.text)
    toupper                                  0x08007611   Thumb Code    12  toupper.o(.text)
    __aeabi_memcpy                           0x0800761d   Thumb Code    36  memcpya.o(.text)
    __aeabi_memcpy4                          0x0800761d   Thumb Code     0  memcpya.o(.text)
    __aeabi_memcpy8                          0x0800761d   Thumb Code     0  memcpya.o(.text)
    __aeabi_memset                           0x08007641   Thumb Code    14  memseta.o(.text)
    __aeabi_memset4                          0x08007641   Thumb Code     0  memseta.o(.text)
    __aeabi_memset8                          0x08007641   Thumb Code     0  memseta.o(.text)
    __aeabi_memclr                           0x0800764f   Thumb Code     4  memseta.o(.text)
    __aeabi_memclr4                          0x0800764f   Thumb Code     0  memseta.o(.text)
    __aeabi_memclr8                          0x0800764f   Thumb Code     0  memseta.o(.text)
    _memset$wrapper                          0x08007653   Thumb Code    18  memseta.o(.text)
    strcat                                   0x08007665   Thumb Code    24  strcat.o(.text)
    strstr                                   0x0800767d   Thumb Code    36  strstr.o(.text)
    strlen                                   0x080076a1   Thumb Code    14  strlen.o(.text)
    strcmp                                   0x080076af   Thumb Code    28  strcmp.o(.text)
    memcmp                                   0x080076cb   Thumb Code    26  memcmp.o(.text)
    strcpy                                   0x080076e5   Thumb Code    18  strcpy.o(.text)
    __0sscanf                                0x080076f9   Thumb Code    48  __0sscanf.o(.text)
    _scanf_int                               0x08007731   Thumb Code   332  _scanf_int.o(.text)
    _scanf_string                            0x0800787d   Thumb Code   224  _scanf_str.o(.text)
    _scanf_real                              0x08007a5d   Thumb Code     0  scanf_fp.o(.text)
    _scanf_really_real                       0x08007a5d   Thumb Code   556  scanf_fp.o(.text)
    __aeabi_fadd                             0x08007c95   Thumb Code   164  fadd.o(.text)
    __aeabi_fsub                             0x08007d39   Thumb Code     6  fadd.o(.text)
    __aeabi_frsub                            0x08007d3f   Thumb Code     6  fadd.o(.text)
    __aeabi_fmul                             0x08007d45   Thumb Code   100  fmul.o(.text)
    __aeabi_fdiv                             0x08007da9   Thumb Code   124  fdiv.o(.text)
    __ARM_scalbnf                            0x08007e25   Thumb Code    24  fscalb.o(.text)
    scalbnf                                  0x08007e25   Thumb Code     0  fscalb.o(.text)
    __aeabi_dadd                             0x08007e3d   Thumb Code   322  dadd.o(.text)
    __aeabi_dsub                             0x08007f7f   Thumb Code     6  dadd.o(.text)
    __aeabi_drsub                            0x08007f85   Thumb Code     6  dadd.o(.text)
    __aeabi_dmul                             0x08007f8b   Thumb Code   228  dmul.o(.text)
    __aeabi_ddiv                             0x0800806f   Thumb Code   222  ddiv.o(.text)
    __ARM_scalbn                             0x0800814d   Thumb Code    46  dscalb.o(.text)
    scalbn                                   0x0800814d   Thumb Code     0  dscalb.o(.text)
    __aeabi_i2f                              0x0800817b   Thumb Code    18  fflti.o(.text)
    __aeabi_i2d                              0x0800818d   Thumb Code    34  dflti.o(.text)
    __aeabi_l2d                              0x080081af   Thumb Code    40  dfltl.o(.text)
    __aeabi_f2iz                             0x080081d7   Thumb Code    50  ffixi.o(.text)
    __aeabi_d2iz                             0x08008209   Thumb Code    62  dfixi.o(.text)
    __aeabi_d2ulz                            0x08008247   Thumb Code    48  dfixul.o(.text)
    __aeabi_f2d                              0x08008277   Thumb Code    38  f2d.o(.text)
    __aeabi_cdcmpeq                          0x0800829d   Thumb Code     0  cdcmple.o(.text)
    __aeabi_cdcmple                          0x0800829d   Thumb Code    48  cdcmple.o(.text)
    __aeabi_cdrcmple                         0x080082cd   Thumb Code    48  cdrcmple.o(.text)
    __aeabi_d2f                              0x080082fd   Thumb Code    56  d2f.o(.text)
    __aeabi_uidiv                            0x08008335   Thumb Code     0  uidiv.o(.text)
    __aeabi_uidivmod                         0x08008335   Thumb Code    44  uidiv.o(.text)
    __aeabi_uldivmod                         0x08008361   Thumb Code    98  uldiv.o(.text)
    __aeabi_llsl                             0x080083c3   Thumb Code    30  llshl.o(.text)
    _ll_shift_l                              0x080083c3   Thumb Code     0  llshl.o(.text)
    __aeabi_llsr                             0x080083e1   Thumb Code    32  llushr.o(.text)
    _ll_ushift_r                             0x080083e1   Thumb Code     0  llushr.o(.text)
    __aeabi_lasr                             0x08008401   Thumb Code    36  llsshr.o(.text)
    _ll_sshift_r                             0x08008401   Thumb Code     0  llsshr.o(.text)
    _chval                                   0x08008425   Thumb Code    28  _chval.o(.text)
    __vfscanf_char                           0x0800844d   Thumb Code    20  scanf_char.o(.text)
    _sgetc                                   0x08008469   Thumb Code    30  _sgetc.o(.text)
    _sbackspace                              0x08008487   Thumb Code    34  _sgetc.o(.text)
    __I$use$fp                               0x080084a9   Thumb Code     0  iusefp.o(.text)
    _float_round                             0x080084a9   Thumb Code    18  fepilogue.o(.text)
    _float_epilogue                          0x080084bb   Thumb Code    92  fepilogue.o(.text)
    _double_round                            0x08008517   Thumb Code    30  depilogue.o(.text)
    _double_epilogue                         0x08008535   Thumb Code   156  depilogue.o(.text)
    __aeabi_ul2d                             0x080085d1   Thumb Code    24  dfltul.o(.text)
    __scatterload                            0x080085e9   Thumb Code    28  init.o(.text)
    __scatterload_rt2                        0x080085e9   Thumb Code     0  init.o(.text)
    isspace                                  0x0800860d   Thumb Code    10  isspace_c.o(.text)
    __vfscanf                                0x08008619   Thumb Code   808  _scanf.o(.text)
    __ctype_lookup                           0x08008945   Thumb Code    34  ctype_c.o(.text)
    __decompress                             0x0800896d   Thumb Code     0  __dczerorl2.o(.text)
    __decompress1                            0x0800896d   Thumb Code    86  __dczerorl2.o(.text)
    __0sprintf                               0x080089c5   Thumb Code    34  printfa.o(i.__0sprintf)
    __1sprintf                               0x080089c5   Thumb Code     0  printfa.o(i.__0sprintf)
    __2sprintf                               0x080089c5   Thumb Code     0  printfa.o(i.__0sprintf)
    __c89sprintf                             0x080089c5   Thumb Code     0  printfa.o(i.__0sprintf)
    sprintf                                  0x080089c5   Thumb Code     0  printfa.o(i.__0sprintf)
    __0vsnprintf                             0x080089ed   Thumb Code    32  printfa.o(i.__0vsnprintf)
    __1vsnprintf                             0x080089ed   Thumb Code     0  printfa.o(i.__0vsnprintf)
    __2vsnprintf                             0x080089ed   Thumb Code     0  printfa.o(i.__0vsnprintf)
    __c89vsnprintf                           0x080089ed   Thumb Code     0  printfa.o(i.__0vsnprintf)
    vsnprintf                                0x080089ed   Thumb Code     0  printfa.o(i.__0vsnprintf)
    __scatterload_copy                       0x08008a11   Thumb Code    14  handlers.o(i.__scatterload_copy)
    __scatterload_null                       0x08008a1f   Thumb Code     2  handlers.o(i.__scatterload_null)
    __scatterload_zeroinit                   0x08008a21   Thumb Code    14  handlers.o(i.__scatterload_zeroinit)
    _is_digit                                0x08008b95   Thumb Code    14  scanf_fp.o(i._is_digit)
    ceil                                     0x080092f5   Thumb Code   204  ceil.o(i.ceil)
    free                                     0x080093d1   Thumb Code    76  malloc.o(i.free)
    malloc                                   0x08009421   Thumb Code    92  malloc.o(i.malloc)
    CMD_FN_RET_OK                            0x0800948c   Data           5  cmd_fn.o(.constdata)
    CMD_FN_RET_ERR                           0x08009491   Data           8  cmd_fn.o(.constdata)
    known_commands                           0x0800949c   Data         112  cmd_fn.o(.constdata)
    txSpectrumConfig                         0x0800950c   Data          96  instance_calib.o(.constdata)
    rfDelays                                 0x0800956c   Data           4  instance_calib.o(.constdata)
    rfDelaysTREK                             0x08009570   Data           4  instance_calib.o(.constdata)
    chan_idxnb                               0x08009574   Data           8  deca_range_tables.o(.constdata)
    chan_idxwb                               0x0800957c   Data           8  deca_range_tables.o(.constdata)
    range25cm16PRFnb                         0x08009584   Data         148  deca_range_tables.o(.constdata)
    range25cm16PRFwb                         0x08009618   Data         136  deca_range_tables.o(.constdata)
    range25cm64PRFnb                         0x080096a0   Data         104  deca_range_tables.o(.constdata)
    range25cm64PRFwb                         0x08009708   Data         118  deca_range_tables.o(.constdata)
    chan_idx                                 0x0800977e   Data           8  deca_params_init.o(.constdata)
    tx_config                                0x08009788   Data          24  deca_params_init.o(.constdata)
    fs_pll_cfg                               0x080097a0   Data          24  deca_params_init.o(.constdata)
    fs_pll_tune                              0x080097b8   Data           6  deca_params_init.o(.constdata)
    rx_config                                0x080097be   Data           2  deca_params_init.o(.constdata)
    agc_config                               0x080097c0   Data           8  deca_params_init.o(.constdata)
    dwnsSFDlen                               0x080097c8   Data           3  deca_params_init.o(.constdata)
    sftsh                                    0x080097cc   Data          12  deca_params_init.o(.constdata)
    dtune1                                   0x080097d8   Data           4  deca_params_init.o(.constdata)
    digital_bb_config                        0x080097dc   Data          32  deca_params_init.o(.constdata)
    lde_replicaCoeff                         0x080097fc   Data          50  deca_params_init.o(.constdata)
    txpwr_compensation                       0x08009830   Data          48  deca_params_init.o(.constdata)
    __ctype_categories                       0x08009860   Data          64  ctype_c.o(.constdata)
    Region$$Table$$Base                      0x08009a98   Number         0  anon$$obj.o(Region$$Table)
    Region$$Table$$Limit                     0x08009ab8   Number         0  anon$$obj.o(Region$$Table)
    sys_uart_dma_buf                         0x20000004   Data        4104  generic.o(.data)
    hal_led                                  0x2000100e   Data          16  hal_led.o(.data)
    USART1_DMA_RX_BYTE                       0x20001024   Data           1  hal_usart.o(.data)
    USART2_DMA_RX_BYTE                       0x20001025   Data           1  hal_usart.o(.data)
    instance_mode                            0x2000102c   Data           4  twr_task.o(.data)
    instance_anchaddr                        0x20001030   Data           4  twr_task.o(.data)
    dr_mode                                  0x20001034   Data           4  twr_task.o(.data)
    chan                                     0x20001038   Data           4  twr_task.o(.data)
    chConfig                                 0x2000103c   Data          40  twr_task.o(.data)
    sfConfig                                 0x20001064   Data          40  twr_task.o(.data)
    time32_incr                              0x20001090   Data           4  uwb.o(.data)
    SystemCoreClock                          0x200010ac   Data           4  system_stm32f10x.o(.data)
    AHBPrescTable                            0x200010b0   Data          16  system_stm32f10x.o(.data)
    __microlib_freelist                      0x200010c0   Data           4  mvars.o(.data)
    __microlib_freelist_initialised          0x200010c4   Data           4  mvars.o(.data)
    sys_para                                 0x200010c8   Data         188  generic.o(.bss)
    _dbg_TXBuff                              0x20001358   Data         256  hal_usart.o(.bss)
    kalman                                   0x20001458   Data        7176  tag_dist.o(.bss)
    dw_event_g                               0x200036c0   Data         176  instance_common.o(.bss)
    __heap_base                              0x200037a8   Data           0  startup_stm32f10x_md.o(HEAP)
    __heap_limit                             0x200039a8   Data           0  startup_stm32f10x_md.o(HEAP)
    __initial_sp                             0x200049a8   Data           0  startup_stm32f10x_md.o(STACK)



==============================================================================

Memory Map of the image

  Image Entry point : 0x080000ed

  Load Region LR_IROM1 (Base: 0x08000000, Size: 0x0000ab80, Max: 0x00010000, ABSOLUTE, COMPRESSED[0x00009b30])

    Execution Region ER_IROM1 (Base: 0x08000000, Size: 0x00009ab8, Max: 0x00010000, ABSOLUTE)

    Base Addr    Size         Type   Attr      Idx    E Section Name        Object

    0x08000000   0x000000ec   Data   RO         1554    RESET               startup_stm32f10x_md.o
    0x080000ec   0x00000000   Code   RO         1611  * .ARM.Collect$$$$00000000  mc_w.l(entry.o)
    0x080000ec   0x00000004   Code   RO         1988    .ARM.Collect$$$$00000001  mc_w.l(entry2.o)
    0x080000f0   0x00000004   Code   RO         1991    .ARM.Collect$$$$00000004  mc_w.l(entry5.o)
    0x080000f4   0x00000000   Code   RO         1993    .ARM.Collect$$$$00000008  mc_w.l(entry7b.o)
    0x080000f4   0x00000000   Code   RO         1995    .ARM.Collect$$$$0000000A  mc_w.l(entry8b.o)
    0x080000f4   0x00000008   Code   RO         1996    .ARM.Collect$$$$0000000B  mc_w.l(entry9a.o)
    0x080000fc   0x00000000   Code   RO         1998    .ARM.Collect$$$$0000000D  mc_w.l(entry10a.o)
    0x080000fc   0x00000000   Code   RO         2000    .ARM.Collect$$$$0000000F  mc_w.l(entry11a.o)
    0x080000fc   0x00000004   Code   RO         1989    .ARM.Collect$$$$00002712  mc_w.l(entry2.o)
    0x08000100   0x00000148   Code   RO            1    .text               cmd.o
    0x08000248   0x00000674   Code   RO           60    .text               cmd_fn.o
    0x080008bc   0x00000548   Code   RO          244    .text               generic.o
    0x08000e04   0x00000580   Code   RO          277    .text               generic_cmd.o
    0x08001384   0x000000b0   Code   RO          308    .text               hal_led.o
    0x08001434   0x00000022   Code   RO          345    .text               hal_drivers.o
    0x08001456   0x00000002   PAD
    0x08001458   0x000000f4   Code   RO          389    .text               hal_timer.o
    0x0800154c   0x00000320   Code   RO          420    .text               hal_usart.o
    0x0800186c   0x0000007a   Code   RO          459    .text               hal_flash.o
    0x080018e6   0x00000002   PAD
    0x080018e8   0x00000130   Code   RO          483    .text               hal_spi.o
    0x08001a18   0x000002ac   Code   RO          505    .text               osal.o
    0x08001cc4   0x0000008e   Code   RO          533    .text               main.o
    0x08001d52   0x00000002   PAD
    0x08001d54   0x00000134   Code   RO          568    .text               stm32f10x_it.o
    0x08001e88   0x000000b4   Code   RO          597    .text               tag_dist.o
    0x08001f3c   0x00000204   Code   RO          656    .text               twr_task.o
    0x08002140   0x00000288   Code   RO          694    .text               uwb.o
    0x080023c8   0x00000b14   Code   RO          728    .text               instance_common.o
    0x08002edc   0x00000940   Code   RO          765    .text               instance_anch.o
    0x0800381c   0x00000768   Code   RO          796    .text               instance_tag.o
    0x08003f84   0x0000002c   Code   RO          860    .text               deca_mutex.o
    0x08003fb0   0x000000d8   Code   RO          881    .text               deca_range_tables.o
    0x08004088   0x00001648   Code   RO          909    .text               deca_device.o
    0x080056d0   0x000000b0   Code   RO          998    .text               misc.o
    0x08005780   0x000001c8   Code   RO         1190    .text               stm32f10x_dma.o
    0x08005948   0x000000e8   Code   RO         1214    .text               stm32f10x_exti.o
    0x08005a30   0x0000047c   Code   RO         1238    .text               stm32f10x_flash.o
    0x08005eac   0x0000026c   Code   RO         1287    .text               stm32f10x_gpio.o
    0x08006118   0x0000003c   Code   RO         1335    .text               stm32f10x_iwdg.o
    0x08006154   0x000002b4   Code   RO         1383    .text               stm32f10x_rcc.o
    0x08006408   0x00000274   Code   RO         1458    .text               stm32f10x_spi.o
    0x0800667c   0x00000af4   Code   RO         1482    .text               stm32f10x_tim.o
    0x08007170   0x00000328   Code   RO         1507    .text               stm32f10x_usart.o
    0x08007498   0x00000024   Code   RO         1555    .text               startup_stm32f10x_md.o
    0x080074bc   0x00000154   Code   RO         1562    .text               system_stm32f10x.o
    0x08007610   0x0000000c   Code   RO         1614    .text               mc_w.l(toupper.o)
    0x0800761c   0x00000024   Code   RO         1616    .text               mc_w.l(memcpya.o)
    0x08007640   0x00000024   Code   RO         1618    .text               mc_w.l(memseta.o)
    0x08007664   0x00000018   Code   RO         1620    .text               mc_w.l(strcat.o)
    0x0800767c   0x00000024   Code   RO         1622    .text               mc_w.l(strstr.o)
    0x080076a0   0x0000000e   Code   RO         1624    .text               mc_w.l(strlen.o)
    0x080076ae   0x0000001c   Code   RO         1626    .text               mc_w.l(strcmp.o)
    0x080076ca   0x0000001a   Code   RO         1628    .text               mc_w.l(memcmp.o)
    0x080076e4   0x00000012   Code   RO         1630    .text               mc_w.l(strcpy.o)
    0x080076f6   0x00000002   PAD
    0x080076f8   0x00000038   Code   RO         1923    .text               mc_w.l(__0sscanf.o)
    0x08007730   0x0000014c   Code   RO         1925    .text               mc_w.l(_scanf_int.o)
    0x0800787c   0x000000e0   Code   RO         1927    .text               mc_w.l(_scanf_str.o)
    0x0800795c   0x00000338   Code   RO         1929    .text               mc_w.l(scanf_fp.o)
    0x08007c94   0x000000b0   Code   RO         1933    .text               mf_w.l(fadd.o)
    0x08007d44   0x00000064   Code   RO         1935    .text               mf_w.l(fmul.o)
    0x08007da8   0x0000007c   Code   RO         1937    .text               mf_w.l(fdiv.o)
    0x08007e24   0x00000018   Code   RO         1939    .text               mf_w.l(fscalb.o)
    0x08007e3c   0x0000014e   Code   RO         1941    .text               mf_w.l(dadd.o)
    0x08007f8a   0x000000e4   Code   RO         1943    .text               mf_w.l(dmul.o)
    0x0800806e   0x000000de   Code   RO         1945    .text               mf_w.l(ddiv.o)
    0x0800814c   0x0000002e   Code   RO         1947    .text               mf_w.l(dscalb.o)
    0x0800817a   0x00000012   Code   RO         1949    .text               mf_w.l(fflti.o)
    0x0800818c   0x00000022   Code   RO         1951    .text               mf_w.l(dflti.o)
    0x080081ae   0x00000028   Code   RO         1953    .text               mf_w.l(dfltl.o)
    0x080081d6   0x00000032   Code   RO         1955    .text               mf_w.l(ffixi.o)
    0x08008208   0x0000003e   Code   RO         1957    .text               mf_w.l(dfixi.o)
    0x08008246   0x00000030   Code   RO         1959    .text               mf_w.l(dfixul.o)
    0x08008276   0x00000026   Code   RO         1961    .text               mf_w.l(f2d.o)
    0x0800829c   0x00000030   Code   RO         1963    .text               mf_w.l(cdcmple.o)
    0x080082cc   0x00000030   Code   RO         1965    .text               mf_w.l(cdrcmple.o)
    0x080082fc   0x00000038   Code   RO         1967    .text               mf_w.l(d2f.o)
    0x08008334   0x0000002c   Code   RO         2005    .text               mc_w.l(uidiv.o)
    0x08008360   0x00000062   Code   RO         2007    .text               mc_w.l(uldiv.o)
    0x080083c2   0x0000001e   Code   RO         2009    .text               mc_w.l(llshl.o)
    0x080083e0   0x00000020   Code   RO         2011    .text               mc_w.l(llushr.o)
    0x08008400   0x00000024   Code   RO         2013    .text               mc_w.l(llsshr.o)
    0x08008424   0x0000001c   Code   RO         2024    .text               mc_w.l(_chval.o)
    0x08008440   0x00000028   Code   RO         2026    .text               mc_w.l(scanf_char.o)
    0x08008468   0x00000040   Code   RO         2028    .text               mc_w.l(_sgetc.o)
    0x080084a8   0x00000000   Code   RO         2030    .text               mc_w.l(iusefp.o)
    0x080084a8   0x0000006e   Code   RO         2031    .text               mf_w.l(fepilogue.o)
    0x08008516   0x000000ba   Code   RO         2033    .text               mf_w.l(depilogue.o)
    0x080085d0   0x00000018   Code   RO         2037    .text               mf_w.l(dfltul.o)
    0x080085e8   0x00000024   Code   RO         2039    .text               mc_w.l(init.o)
    0x0800860c   0x0000000a   Code   RO         2042    .text               mc_w.l(isspace_c.o)
    0x08008616   0x00000002   PAD
    0x08008618   0x0000032c   Code   RO         2044    .text               mc_w.l(_scanf.o)
    0x08008944   0x00000028   Code   RO         2047    .text               mc_w.l(ctype_c.o)
    0x0800896c   0x00000056   Code   RO         2058    .text               mc_w.l(__dczerorl2.o)
    0x080089c2   0x00000002   PAD
    0x080089c4   0x00000028   Code   RO         1869    i.__0sprintf        mc_w.l(printfa.o)
    0x080089ec   0x00000024   Code   RO         1872    i.__0vsnprintf      mc_w.l(printfa.o)
    0x08008a10   0x0000000e   Code   RO         2052    i.__scatterload_copy  mc_w.l(handlers.o)
    0x08008a1e   0x00000002   Code   RO         2053    i.__scatterload_null  mc_w.l(handlers.o)
    0x08008a20   0x0000000e   Code   RO         2054    i.__scatterload_zeroinit  mc_w.l(handlers.o)
    0x08008a2e   0x00000002   PAD
    0x08008a30   0x00000164   Code   RO         1874    i._fp_digits        mc_w.l(printfa.o)
    0x08008b94   0x0000000e   Code   RO         1931    i._is_digit         mc_w.l(scanf_fp.o)
    0x08008ba2   0x00000002   PAD
    0x08008ba4   0x000006dc   Code   RO         1875    i._printf_core      mc_w.l(printfa.o)
    0x08009280   0x00000024   Code   RO         1876    i._printf_post_padding  mc_w.l(printfa.o)
    0x080092a4   0x0000002e   Code   RO         1877    i._printf_pre_padding  mc_w.l(printfa.o)
    0x080092d2   0x00000016   Code   RO         1878    i._snputc           mc_w.l(printfa.o)
    0x080092e8   0x0000000a   Code   RO         1879    i._sputc            mc_w.l(printfa.o)
    0x080092f2   0x00000002   PAD
    0x080092f4   0x000000dc   Code   RO         1590    i.ceil              m_ws.l(ceil.o)
    0x080093d0   0x00000050   Code   RO         1895    i.free              mc_w.l(malloc.o)
    0x08009420   0x0000006c   Code   RO         1896    i.malloc            mc_w.l(malloc.o)
    0x0800948c   0x00000080   Data   RO           62    .constdata          cmd_fn.o
    0x0800950c   0x00000060   Data   RO          821    .constdata          instance_calib.o
    0x0800956c   0x00000004   Data   RO          822    .constdata          instance_calib.o
    0x08009570   0x00000004   Data   RO          823    .constdata          instance_calib.o
    0x08009574   0x0000020a   Data   RO          882    .constdata          deca_range_tables.o
    0x0800977e   0x00000008   Data   RO          966    .constdata          deca_params_init.o
    0x08009786   0x00000002   PAD
    0x08009788   0x00000018   Data   RO          967    .constdata          deca_params_init.o
    0x080097a0   0x00000018   Data   RO          968    .constdata          deca_params_init.o
    0x080097b8   0x00000006   Data   RO          969    .constdata          deca_params_init.o
    0x080097be   0x00000002   Data   RO          970    .constdata          deca_params_init.o
    0x080097c0   0x00000008   Data   RO          971    .constdata          deca_params_init.o
    0x080097c8   0x00000003   Data   RO          972    .constdata          deca_params_init.o
    0x080097cb   0x00000001   PAD
    0x080097cc   0x0000000c   Data   RO          973    .constdata          deca_params_init.o
    0x080097d8   0x00000004   Data   RO          974    .constdata          deca_params_init.o
    0x080097dc   0x00000020   Data   RO          975    .constdata          deca_params_init.o
    0x080097fc   0x00000032   Data   RO          976    .constdata          deca_params_init.o
    0x0800982e   0x00000002   PAD
    0x08009830   0x00000030   Data   RO          977    .constdata          deca_params_init.o
    0x08009860   0x00000040   Data   RO         2048    .constdata          mc_w.l(ctype_c.o)
    0x080098a0   0x000000f3   Data   RO           63    .conststring        cmd_fn.o
    0x08009993   0x00000001   PAD
    0x08009994   0x00000101   Data   RO          246    .conststring        generic.o
    0x08009a95   0x00000003   PAD
    0x08009a98   0x00000020   Data   RO         2050    Region$$Table       anon$$obj.o


    Execution Region RW_IRAM1 (Base: 0x20000000, Size: 0x000049a8, Max: 0x00005000, ABSOLUTE, COMPRESSED[0x00000078])

    Base Addr    Size         Type   Attr      Idx    E Section Name        Object

    0x20000000   0x0000100c   Data   RW          247    .data               generic.o
    0x2000100c   0x00000002   Data   RW          279    .data               generic_cmd.o
    0x2000100e   0x00000010   Data   RW          309    .data               hal_led.o
    0x2000101e   0x00000002   PAD
    0x20001020   0x00000004   Data   RW          390    .data               hal_timer.o
    0x20001024   0x00000002   Data   RW          422    .data               hal_usart.o
    0x20001026   0x00000002   Data   RW          569    .data               stm32f10x_it.o
    0x20001028   0x00000064   Data   RW          658    .data               twr_task.o
    0x2000108c   0x00000008   Data   RW          695    .data               uwb.o
    0x20001094   0x00000004   Data   RW          911    .data               deca_device.o
    0x20001098   0x00000014   Data   RW         1384    .data               stm32f10x_rcc.o
    0x200010ac   0x00000014   Data   RW         1563    .data               system_stm32f10x.o
    0x200010c0   0x00000004   Data   RW         2015    .data               mc_w.l(mvars.o)
    0x200010c4   0x00000004   Data   RW         2016    .data               mc_w.l(mvars.o)
    0x200010c8   0x000000bc   Zero   RW          245    .bss                generic.o
    0x20001184   0x000001d4   Zero   RW          278    .bss                generic_cmd.o
    0x20001358   0x00000100   Zero   RW          421    .bss                hal_usart.o
    0x20001458   0x00001c08   Zero   RW          598    .bss                tag_dist.o
    0x20003060   0x0000010c   Zero   RW          657    .bss                twr_task.o
    0x2000316c   0x00000004   PAD
    0x20003170   0x00000600   Zero   RW          729    .bss                instance_common.o
    0x20003770   0x00000038   Zero   RW          910    .bss                deca_device.o
    0x200037a8   0x00000200   Zero   RW         1553    HEAP                startup_stm32f10x_md.o
    0x200039a8   0x00001000   Zero   RW         1552    STACK               startup_stm32f10x_md.o

